20.171.206.127 - - [29/Oct/2024:16:08:45 -0700] "GET /index.html HTTP/1.1" 200 2959 "-" "Mozilla/5.0 AppleWebKit/537.36 (KHTML, like Gecko; compatible; GPTBot/1.2; +https://openai.com/gptbot)"
20.171.206.127 - - [29/Oct/2024:16:08:47 -0700] "GET /assets/css/publications-no-dark-mode.css HTTP/1.1" 200 1391 "-" "Mozilla/5.0 AppleWebKit/537.36 (KHTML, like Gecko; compatible; GPTBot/1.2; +https://openai.com/gptbot)"
20.171.206.127 - - [29/Oct/2024:16:08:49 -0700] "GET /assets/css/font.css HTTP/1.1" 200 540 "-" "Mozilla/5.0 AppleWebKit/537.36 (KHTML, like Gecko; compatible; GPTBot/1.2; +https://openai.com/gptbot)"
34.34.233.189 - - [29/Oct/2024:16:10:16 -0700] "GET /chatgpt_1029151.html HTTP/1.1" 200 5510 "-" "Mozilla/5.0 (Windows NT 10.0; Win64; x64) AppleWebKit/537.36 (KHTML, like Gecko) Chrome/91.0.4472.124 Safari/537.36"
54.83.100.139 - - [29/Oct/2024:16:10:17 -0700] "GET /chatgpt_1029151.html HTTP/1.1" 200 5462 "-" "python-httpx/0.23.3"
80.94.95.248 - - [29/Oct/2024:16:18:15 -0700] "GET /remote/login?lang=en HTTP/1.1" 400 5458 "-" "-"
80.94.95.248 - - [29/Oct/2024:16:18:16 -0700] "GET /remote/login?lang=en HTTP/1.1" 400 5458 "-" "-"
23.98.179.25 - - [29/Oct/2024:16:19:11 -0700] "GET /chatgpt_1029153.html HTTP/1.1" 200 5406 "-" "Mozilla/5.0 AppleWebKit/537.36 (KHTML, like Gecko); compatible; ChatGPT-User/1.0; +https://openai.com/bot"
192.234.79.193 - - [29/Oct/2024:16:24:32 -0700] "GET /chatgpt_1029154.html HTTP/1.1" 200 5462 "-" "Mozilla/5.0 (X11; Linux x86_64) AppleWebKit/537.36 (KHTML, like Gecko) Chrome/113.0.5672.92 Safari/537.36"
172.71.166.71 - - [29/Oct/2024:16:30:03 -0700] "GET /chatgpt_1029155.html HTTP/1.1" 200 5462 "-" "-"
66.249.64.231 - - [29/Oct/2024:16:35:48 -0700] "GET /.well-known/assetlinks.json HTTP/1.1" 404 5455 "-" "Mozilla/5.0 (compatible; Googlebot/2.1; +http://www.google.com/bot.html)"
20.171.206.173 - - [29/Oct/2024:16:38:51 -0700] "GET / HTTP/1.1" 200 7959 "-" "Mozilla/5.0 AppleWebKit/537.36 (KHTML, like Gecko; compatible; GPTBot/1.2; +https://openai.com/gptbot)"
68.183.9.16 - - [29/Oct/2024:16:45:37 -0700] "GET / HTTP/1.1" 200 12663 "-" "-"
68.183.9.16 - - [29/Oct/2024:16:45:41 -0700] "GET / HTTP/1.1" 200 12663 "-" "Mozilla/5.0 (Linux; Android 6.0; HTC One M9 Build/MRA037193) AppleWebKit/537.36 (KHTML, like Gecko) Chrome/52.0.3489.98 Mobile Safari/537.3"
68.183.9.16 - - [29/Oct/2024:16:45:42 -0700] "GET /server HTTP/1.1" 404 5380 "-" "Go-http-client/1.1"
68.183.9.16 - - [29/Oct/2024:16:45:42 -0700] "GET /.vscode/sftp.json HTTP/1.1" 404 975 "-" "Go-http-client/1.1"
68.183.9.16 - - [29/Oct/2024:16:45:42 -0700] "GET /about HTTP/1.1" 404 975 "-" "Go-http-client/1.1"
68.183.9.16 - - [29/Oct/2024:16:45:43 -0700] "GET /debug/default/view?panel=config HTTP/1.1" 404 975 "-" "Go-http-client/1.1"
68.183.9.16 - - [29/Oct/2024:16:45:43 -0700] "GET /v2/_catalog HTTP/1.1" 404 975 "-" "Go-http-client/1.1"
68.183.9.16 - - [29/Oct/2024:16:45:44 -0700] "GET /ecp/Current/exporttool/microsoft.exchange.ediscovery.exporttool.application HTTP/1.1" 404 975 "-" "Go-http-client/1.1"
68.183.9.16 - - [29/Oct/2024:16:45:44 -0700] "GET /server-status HTTP/1.1" 403 978 "-" "Go-http-client/1.1"
68.183.9.16 - - [29/Oct/2024:16:45:45 -0700] "GET /login.action HTTP/1.1" 404 975 "-" "Go-http-client/1.1"
68.183.9.16 - - [29/Oct/2024:16:45:45 -0700] "GET /_all_dbs HTTP/1.1" 404 975 "-" "Mozilla/5.0 (l9scan/2.0.1333e2031313e2634323e2730323; +https://leakix.net)"
68.183.9.16 - - [29/Oct/2024:16:45:46 -0700] "GET /.DS_Store HTTP/1.1" 200 6891 "-" "Go-http-client/1.1"
68.183.9.16 - - [29/Oct/2024:16:45:46 -0700] "GET /assets/.DS_Store HTTP/1.1" 200 6891 "-" "Go-http-client/1.1"
68.183.9.16 - - [29/Oct/2024:16:45:47 -0700] "GET /assets/css/.DS_Store HTTP/1.1" 404 975 "-" "Go-http-client/1.1"
68.183.9.16 - - [29/Oct/2024:16:45:47 -0700] "GET /assets/files/.DS_Store HTTP/1.1" 404 975 "-" "Go-http-client/1.1"
68.183.9.16 - - [29/Oct/2024:16:45:48 -0700] "GET /assets/img/.DS_Store HTTP/1.1" 404 975 "-" "Go-http-client/1.1"
68.183.9.16 - - [29/Oct/2024:16:45:48 -0700] "GET /assets/js/.DS_Store HTTP/1.1" 404 975 "-" "Go-http-client/1.1"
68.183.9.16 - - [29/Oct/2024:16:45:48 -0700] "GET /CNAME/.DS_Store HTTP/1.1" 404 975 "-" "Go-http-client/1.1"
68.183.9.16 - - [29/Oct/2024:16:45:49 -0700] "GET /.env HTTP/1.1" 404 975 "-" "Go-http-client/1.1"
68.183.9.16 - - [29/Oct/2024:16:45:49 -0700] "GET /.git/config HTTP/1.1" 404 975 "-" "Go-http-client/1.1"
68.183.9.16 - - [29/Oct/2024:16:45:50 -0700] "GET /s/1333e2031313e2634323e2730323/_/;/META-INF/maven/com.atlassian.jira/jira-webapp-dist/pom.properties HTTP/1.1" 404 975 "-" "Go-http-client/1.1"
68.183.9.16 - - [29/Oct/2024:16:45:50 -0700] "GET /config.json HTTP/1.1" 404 975 "-" "Go-http-client/1.1"
68.183.9.16 - - [29/Oct/2024:16:45:51 -0700] "GET /telescope/requests HTTP/1.1" 404 975 "-" "Go-http-client/1.1"
68.183.9.16 - - [29/Oct/2024:16:45:51 -0700] "GET /?rest_route=/wp/v2/users/ HTTP/1.1" 200 3474 "-" "Go-http-client/1.1"
74.125.151.64 - - [29/Oct/2024:16:51:18 -0700] "GET /.well-known/assetlinks.json HTTP/1.1" 404 5451 "-" "Mozilla/5.0 (Windows NT 10.0; Win64; x64)AppleWebKit/537.36 (KHTML, like Gecko) Chrome/91.0.4472.101 Safari/537.36"
192.234.79.193 - - [29/Oct/2024:16:56:30 -0700] "GET /chatgpt_1029160.html HTTP/1.1" 200 5462 "-" "Mozilla/5.0 (X11; Linux x86_64) AppleWebKit/537.36 (KHTML, like Gecko) Chrome/113.0.5672.92 Safari/537.36"
141.98.10.26 - - [29/Oct/2024:16:58:55 -0700] "GET /Connect.php HTTP/1.1" 404 5013 "-" "Mozilla/5.0 (Windows NT 10.0; WOW64) AppleWebKit/537.36 (KHTML, like Gecko) Chrome/103.0.5060.53 Safari/537.36"
141.98.10.26 - - [29/Oct/2024:16:58:57 -0700] "GET /Connect.php HTTP/1.1" 404 630 "-" "Mozilla/5.0 (Windows NT 10.0; WOW64) AppleWebKit/537.36 (KHTML, like Gecko) Chrome/103.0.5060.114 Safari/537.36"
141.98.10.26 - - [29/Oct/2024:16:58:58 -0700] "GET /Connect.php HTTP/1.1" 404 630 "-" "Mozilla/5.0 (Windows NT 10.0; WOW64) AppleWebKit/537.36 (KHTML, like Gecko) Chrome/104.0.5112.79 Safari/537.36"
141.98.10.26 - - [29/Oct/2024:16:58:59 -0700] "GET /Connect.php HTTP/1.1" 404 630 "-" "Mozilla/5.0 (Windows NT 6.1; Win64; x64) AppleWebKit/537.36 (KHTML, like Gecko) Chrome/107.0.5304.63 Safari/537.36"
141.98.10.26 - - [29/Oct/2024:16:59:00 -0700] "GET /Connect.php HTTP/1.1" 404 630 "-" "Mozilla/5.0 (Windows NT 10.0; Win64; x64) AppleWebKit/537.36 (KHTML, like Gecko) Chrome/105.0.5195.52 Safari/537.36"
192.234.79.193 - - [29/Oct/2024:17:01:58 -0700] "GET /chatgpt_1029161.html HTTP/1.1" 200 5462 "-" "Mozilla/5.0 (X11; Linux x86_64) AppleWebKit/537.36 (KHTML, like Gecko) Chrome/113.0.5672.92 Safari/537.36"
134.122.99.71 - - [29/Oct/2024:17:06:43 -0700] "GET /.env HTTP/1.1" 404 4789 "-" "Mozilla/5.0 Keydrop"
134.122.99.71 - - [29/Oct/2024:17:06:43 -0700] "GET / HTTP/1.0" 400 622 "-" "-"
162.241.24.83 - - [29/Oct/2024:17:07:27 -0700] "GET /chatgpt_1029162.html HTTP/1.0" 200 5450 "-" "-"
20.171.206.197 - - [29/Oct/2024:17:07:48 -0700] "GET /robots.txt HTTP/1.1" 200 5301 "-" "Mozilla/5.0 AppleWebKit/537.36 (KHTML, like Gecko; compatible; GPTBot/1.2; +https://openai.com/gptbot)"
20.171.206.49 - - [29/Oct/2024:17:07:49 -0700] "GET / HTTP/1.1" 200 7959 "-" "Mozilla/5.0 AppleWebKit/537.36 (KHTML, like Gecko; compatible; GPTBot/1.2; +https://openai.com/gptbot)"
93.159.230.84 - - [29/Oct/2024:17:09:44 -0700] "GET / HTTP/1.1" 200 7896 "-" "Mozilla/5.0 (Linux; arm_64; Android 12; CPH2205) AppleWebKit/537.36 (KHTML, like Gecko) Chrome/110.0.0.0 YaBrowser/23.3.3.86.00 SA/3 Mobile Safari/537.36"
192.234.79.193 - - [29/Oct/2024:17:12:58 -0700] "GET /chatgpt_1029163.html HTTP/1.1" 200 5462 "-" "Mozilla/5.0 (X11; Linux x86_64) AppleWebKit/537.36 (KHTML, like Gecko) Chrome/113.0.5672.92 Safari/537.36"
192.234.79.193 - - [29/Oct/2024:17:18:29 -0700] "GET /chatgpt_1029164.html HTTP/1.1" 200 5462 "-" "Mozilla/5.0 (X11; Linux x86_64) AppleWebKit/537.36 (KHTML, like Gecko) Chrome/113.0.5672.92 Safari/537.36"
192.234.79.193 - - [29/Oct/2024:17:28:18 -0700] "GET /chatgpt_1029166.html HTTP/1.1" 200 5462 "-" "Mozilla/5.0 (X11; Linux x86_64) AppleWebKit/537.36 (KHTML, like Gecko) Chrome/113.0.5672.92 Safari/537.36"
23.98.179.25 - - [29/Oct/2024:17:33:47 -0700] "GET /chatgpt_1029167.html HTTP/1.1" 200 5406 "-" "Mozilla/5.0 AppleWebKit/537.36 (KHTML, like Gecko); compatible; ChatGPT-User/1.0; +https://openai.com/bot"
172.69.64.181 - - [29/Oct/2024:17:39:14 -0700] "GET /chatgpt_1029168.html HTTP/1.1" 200 5462 "-" "-"
192.234.79.193 - - [29/Oct/2024:17:50:11 -0700] "GET /chatgpt_1029170.html HTTP/1.1" 200 5462 "-" "Mozilla/5.0 (X11; Linux x86_64) AppleWebKit/537.36 (KHTML, like Gecko) Chrome/113.0.5672.92 Safari/537.36"
20.171.206.67 - - [29/Oct/2024:17:57:50 -0700] "GET /assets/css/style-no-dark-mode.css HTTP/1.1" 200 7198 "-" "Mozilla/5.0 AppleWebKit/537.36 (KHTML, like Gecko; compatible; GPTBot/1.2; +https://openai.com/gptbot)"
20.171.206.67 - - [29/Oct/2024:17:57:52 -0700] "GET /assets/js/scale.fix.js HTTP/1.1" 200 672 "-" "Mozilla/5.0 AppleWebKit/537.36 (KHTML, like Gecko; compatible; GPTBot/1.2; +https://openai.com/gptbot)"
20.171.206.67 - - [29/Oct/2024:17:57:55 -0700] "GET /assets/js/favicon-switcher.js HTTP/1.1" 200 886 "-" "Mozilla/5.0 AppleWebKit/537.36 (KHTML, like Gecko; compatible; GPTBot/1.2; +https://openai.com/gptbot)"
20.171.206.67 - - [29/Oct/2024:17:57:57 -0700] "GET /index.html HTTP/1.1" 200 2959 "-" "Mozilla/5.0 AppleWebKit/537.36 (KHTML, like Gecko; compatible; GPTBot/1.2; +https://openai.com/gptbot)"
20.171.206.67 - - [29/Oct/2024:17:57:59 -0700] "GET /additional_art.html HTTP/1.1" 200 1948 "-" "Mozilla/5.0 AppleWebKit/537.36 (KHTML, like Gecko; compatible; GPTBot/1.2; +https://openai.com/gptbot)"
20.171.206.67 - - [29/Oct/2024:17:58:01 -0700] "GET /assets/css/font.css HTTP/1.1" 200 540 "-" "Mozilla/5.0 AppleWebKit/537.36 (KHTML, like Gecko; compatible; GPTBot/1.2; +https://openai.com/gptbot)"
20.171.206.67 - - [29/Oct/2024:17:58:02 -0700] "GET /www.website-c.com HTTP/1.1" 404 458 "-" "Mozilla/5.0 AppleWebKit/537.36 (KHTML, like Gecko; compatible; GPTBot/1.2; +https://openai.com/gptbot)"
20.171.206.67 - - [29/Oct/2024:17:58:04 -0700] "GET /assets/css/publications-no-dark-mode.css HTTP/1.1" 200 1391 "-" "Mozilla/5.0 AppleWebKit/537.36 (KHTML, like Gecko; compatible; GPTBot/1.2; +https://openai.com/gptbot)"
23.98.179.25 - - [29/Oct/2024:18:03:24 -0700] "GET /chatgpt_1029173.html HTTP/1.1" 200 5406 "-" "Mozilla/5.0 AppleWebKit/537.36 (KHTML, like Gecko); compatible; ChatGPT-User/1.0; +https://openai.com/bot"
87.120.125.126 - - [29/Oct/2024:18:03:53 -0700] "GET /.env HTTP/1.1" 404 5380 "-" "Mozilla/5.0 (Linux U; en-US)  AppleWebKit/528.5  (KHTML, like Gecko, Safari/528.5 ) Version/4.0 Kindle/3.0 (screen 600x800; rotate)"
192.234.79.193 - - [29/Oct/2024:18:08:45 -0700] "GET /chatgpt_1029174.html HTTP/1.1" 200 5462 "-" "Mozilla/5.0 (X11; Linux x86_64) AppleWebKit/537.36 (KHTML, like Gecko) Chrome/113.0.5672.92 Safari/537.36"
93.123.85.231 - - [29/Oct/2024:18:09:15 -0700] "GET / HTTP/1.1" 200 7879 "-" "Go-http-client/1.1"
66.249.70.70 - - [29/Oct/2024:18:12:38 -0700] "GET / HTTP/1.1" 200 7952 "-" "Mozilla/5.0 (compatible; Googlebot/2.1; +http://www.google.com/bot.html)"
23.98.179.24 - - [29/Oct/2024:18:13:13 -0700] "GET /chatgpt_1029175.html HTTP/1.1" 200 5406 "-" "Mozilla/5.0 AppleWebKit/537.36 (KHTML, like Gecko); compatible; ChatGPT-User/1.0; +https://openai.com/bot"
20.171.206.192 - - [29/Oct/2024:18:17:52 -0700] "GET /www.website-c.com HTTP/1.1" 404 5458 "-" "Mozilla/5.0 AppleWebKit/537.36 (KHTML, like Gecko; compatible; GPTBot/1.2; +https://openai.com/gptbot)"
20.171.206.192 - - [29/Oct/2024:18:17:53 -0700] "GET /additional_art.html HTTP/1.1" 200 1948 "-" "Mozilla/5.0 AppleWebKit/537.36 (KHTML, like Gecko; compatible; GPTBot/1.2; +https://openai.com/gptbot)"
96.9.211.35 - - [29/Oct/2024:18:17:53 -0700] "GET /chatgpt_1029176.html HTTP/1.1" 200 5462 "-" "Mozilla/5.0 (X11; Linux x86_64) AppleWebKit/537.36 (KHTML, like Gecko) HeadlessChrome/119.0.0.0 Safari/537.36"
96.9.211.35 - - [29/Oct/2024:18:17:54 -0700] "GET /favicon.ico HTTP/1.1" 404 513 "https://website-c.com/chatgpt_1029176.html" "Mozilla/5.0 (X11; Linux x86_64) AppleWebKit/537.36 (KHTML, like Gecko) HeadlessChrome/119.0.0.0 Safari/537.36"
20.171.206.192 - - [29/Oct/2024:18:17:54 -0700] "GET /assets/css/font.css HTTP/1.1" 200 540 "-" "Mozilla/5.0 AppleWebKit/537.36 (KHTML, like Gecko; compatible; GPTBot/1.2; +https://openai.com/gptbot)"
20.171.206.192 - - [29/Oct/2024:18:17:56 -0700] "GET /index.html HTTP/1.1" 200 2959 "-" "Mozilla/5.0 AppleWebKit/537.36 (KHTML, like Gecko; compatible; GPTBot/1.2; +https://openai.com/gptbot)"
20.171.206.192 - - [29/Oct/2024:18:17:57 -0700] "GET /assets/js/favicon-switcher.js HTTP/1.1" 200 886 "-" "Mozilla/5.0 AppleWebKit/537.36 (KHTML, like Gecko; compatible; GPTBot/1.2; +https://openai.com/gptbot)"
20.171.206.192 - - [29/Oct/2024:18:17:58 -0700] "GET /assets/js/scale.fix.js HTTP/1.1" 200 672 "-" "Mozilla/5.0 AppleWebKit/537.36 (KHTML, like Gecko; compatible; GPTBot/1.2; +https://openai.com/gptbot)"
20.171.206.192 - - [29/Oct/2024:18:17:59 -0700] "GET /assets/css/style-no-dark-mode.css HTTP/1.1" 200 2198 "-" "Mozilla/5.0 AppleWebKit/537.36 (KHTML, like Gecko; compatible; GPTBot/1.2; +https://openai.com/gptbot)"
20.171.206.192 - - [29/Oct/2024:18:18:00 -0700] "GET /assets/css/publications-no-dark-mode.css HTTP/1.1" 200 1391 "-" "Mozilla/5.0 AppleWebKit/537.36 (KHTML, like Gecko; compatible; GPTBot/1.2; +https://openai.com/gptbot)"
20.171.206.192 - - [29/Oct/2024:18:18:01 -0700] "GET / HTTP/1.1" 200 2959 "-" "Mozilla/5.0 AppleWebKit/537.36 (KHTML, like Gecko; compatible; GPTBot/1.2; +https://openai.com/gptbot)"
62.182.80.121 - - [29/Oct/2024:18:19:39 -0700] "GET /Connect.php HTTP/1.1" 404 5013 "-" "Mozilla/5.0 (Windows NT 6.3; Win64; x64) AppleWebKit/537.36 (KHTML, like Gecko) Chrome/103.0.5060.134 Safari/537.36"
62.182.80.121 - - [29/Oct/2024:18:19:40 -0700] "GET /Connect.php HTTP/1.1" 404 630 "-" "Mozilla/5.0 (Windows NT 10.0; Win64; x64) AppleWebKit/537.36 (KHTML, like Gecko) Chrome/106.0.5249.60 Safari/537.36"
62.182.80.121 - - [29/Oct/2024:18:19:42 -0700] "GET /Connect.php HTTP/1.1" 404 630 "-" "Mozilla/5.0 (Windows NT 10.0; WOW64) AppleWebKit/537.36 (KHTML, like Gecko) Chrome/106.0.5249.65 Safari/537.36"
62.182.80.121 - - [29/Oct/2024:18:19:43 -0700] "GET /Connect.php HTTP/1.1" 404 630 "-" "Mozilla/5.0 (Windows NT 6.3; Win64; x64) AppleWebKit/537.36 (KHTML, like Gecko) Chrome/106.0.5249.168 Safari/537.36"
62.182.80.121 - - [29/Oct/2024:18:19:45 -0700] "GET /Connect.php HTTP/1.1" 404 630 "-" "Mozilla/5.0 (Windows NT 10.0) AppleWebKit/537.36 (KHTML, like Gecko) Chrome/104.0.5112.102 Safari/537.36"
192.234.79.193 - - [29/Oct/2024:18:23:25 -0700] "GET /chatgpt_1029177.html HTTP/1.1" 200 5462 "-" "Mozilla/5.0 (X11; Linux x86_64) AppleWebKit/537.36 (KHTML, like Gecko) Chrome/113.0.5672.92 Safari/537.36"
192.234.79.193 - - [29/Oct/2024:18:28:48 -0700] "GET /chatgpt_1029178.html HTTP/1.1" 200 5462 "-" "Mozilla/5.0 (X11; Linux x86_64) AppleWebKit/537.36 (KHTML, like Gecko) Chrome/113.0.5672.92 Safari/537.36"
192.234.79.193 - - [29/Oct/2024:18:34:19 -0700] "GET /chatgpt_1029179.html HTTP/1.1" 200 5462 "-" "Mozilla/5.0 (X11; Linux x86_64) AppleWebKit/537.36 (KHTML, like Gecko) Chrome/113.0.5672.92 Safari/537.36"
23.98.179.25 - - [29/Oct/2024:18:38:45 -0700] "GET /chatgpt_1029180.html HTTP/1.1" 200 5406 "-" "Mozilla/5.0 AppleWebKit/537.36 (KHTML, like Gecko); compatible; ChatGPT-User/1.0; +https://openai.com/bot"
68.183.155.195 - - [29/Oct/2024:18:39:35 -0700] "GET / HTTP/1.1" 200 12327 "-" "Mozilla/5.0 (Windows NT 10.0; Win64; x64) AppleWebKit/537.36 (KHTML, like Gecko) Chrome/78.0.3904.108 Safari/537.36"
68.183.155.195 - - [29/Oct/2024:18:39:35 -0700] "GET //wp-includes/wlwmanifest.xml HTTP/1.1" 404 520 "-" "Mozilla/5.0 (Windows NT 10.0; Win64; x64) AppleWebKit/537.36 (KHTML, like Gecko) Chrome/78.0.3904.108 Safari/537.36"
68.183.155.195 - - [29/Oct/2024:18:39:35 -0700] "GET //xmlrpc.php?rsd HTTP/1.1" 404 520 "-" "Mozilla/5.0 (Windows NT 10.0; Win64; x64) AppleWebKit/537.36 (KHTML, like Gecko) Chrome/78.0.3904.108 Safari/537.36"
68.183.155.195 - - [29/Oct/2024:18:39:36 -0700] "GET / HTTP/1.1" 200 7805 "-" "Mozilla/5.0 (Windows NT 10.0; Win64; x64) AppleWebKit/537.36 (KHTML, like Gecko) Chrome/78.0.3904.108 Safari/537.36"
68.183.155.195 - - [29/Oct/2024:18:39:36 -0700] "GET //blog/wp-includes/wlwmanifest.xml HTTP/1.1" 404 520 "-" "Mozilla/5.0 (Windows NT 10.0; Win64; x64) AppleWebKit/537.36 (KHTML, like Gecko) Chrome/78.0.3904.108 Safari/537.36"
68.183.155.195 - - [29/Oct/2024:18:39:36 -0700] "GET //web/wp-includes/wlwmanifest.xml HTTP/1.1" 404 520 "-" "Mozilla/5.0 (Windows NT 10.0; Win64; x64) AppleWebKit/537.36 (KHTML, like Gecko) Chrome/78.0.3904.108 Safari/537.36"
68.183.155.195 - - [29/Oct/2024:18:39:36 -0700] "GET //wordpress/wp-includes/wlwmanifest.xml HTTP/1.1" 404 520 "-" "Mozilla/5.0 (Windows NT 10.0; Win64; x64) AppleWebKit/537.36 (KHTML, like Gecko) Chrome/78.0.3904.108 Safari/537.36"
68.183.155.195 - - [29/Oct/2024:18:39:36 -0700] "GET //website/wp-includes/wlwmanifest.xml HTTP/1.1" 404 520 "-" "Mozilla/5.0 (Windows NT 10.0; Win64; x64) AppleWebKit/537.36 (KHTML, like Gecko) Chrome/78.0.3904.108 Safari/537.36"
68.183.155.195 - - [29/Oct/2024:18:39:36 -0700] "GET //wp/wp-includes/wlwmanifest.xml HTTP/1.1" 404 520 "-" "Mozilla/5.0 (Windows NT 10.0; Win64; x64) AppleWebKit/537.36 (KHTML, like Gecko) Chrome/78.0.3904.108 Safari/537.36"
68.183.155.195 - - [29/Oct/2024:18:39:36 -0700] "GET //news/wp-includes/wlwmanifest.xml HTTP/1.1" 404 520 "-" "Mozilla/5.0 (Windows NT 10.0; Win64; x64) AppleWebKit/537.36 (KHTML, like Gecko) Chrome/78.0.3904.108 Safari/537.36"
68.183.155.195 - - [29/Oct/2024:18:39:36 -0700] "GET //2018/wp-includes/wlwmanifest.xml HTTP/1.1" 404 520 "-" "Mozilla/5.0 (Windows NT 10.0; Win64; x64) AppleWebKit/537.36 (KHTML, like Gecko) Chrome/78.0.3904.108 Safari/537.36"
68.183.155.195 - - [29/Oct/2024:18:39:36 -0700] "GET //2019/wp-includes/wlwmanifest.xml HTTP/1.1" 404 520 "-" "Mozilla/5.0 (Windows NT 10.0; Win64; x64) AppleWebKit/537.36 (KHTML, like Gecko) Chrome/78.0.3904.108 Safari/537.36"
68.183.155.195 - - [29/Oct/2024:18:39:36 -0700] "GET //shop/wp-includes/wlwmanifest.xml HTTP/1.1" 404 520 "-" "Mozilla/5.0 (Windows NT 10.0; Win64; x64) AppleWebKit/537.36 (KHTML, like Gecko) Chrome/78.0.3904.108 Safari/537.36"
68.183.155.195 - - [29/Oct/2024:18:39:36 -0700] "GET //wp1/wp-includes/wlwmanifest.xml HTTP/1.1" 404 520 "-" "Mozilla/5.0 (Windows NT 10.0; Win64; x64) AppleWebKit/537.36 (KHTML, like Gecko) Chrome/78.0.3904.108 Safari/537.36"
68.183.155.195 - - [29/Oct/2024:18:39:36 -0700] "GET //test/wp-includes/wlwmanifest.xml HTTP/1.1" 404 520 "-" "Mozilla/5.0 (Windows NT 10.0; Win64; x64) AppleWebKit/537.36 (KHTML, like Gecko) Chrome/78.0.3904.108 Safari/537.36"
68.183.155.195 - - [29/Oct/2024:18:39:36 -0700] "GET //media/wp-includes/wlwmanifest.xml HTTP/1.1" 404 520 "-" "Mozilla/5.0 (Windows NT 10.0; Win64; x64) AppleWebKit/537.36 (KHTML, like Gecko) Chrome/78.0.3904.108 Safari/537.36"
68.183.155.195 - - [29/Oct/2024:18:39:36 -0700] "GET //wp2/wp-includes/wlwmanifest.xml HTTP/1.1" 404 520 "-" "Mozilla/5.0 (Windows NT 10.0; Win64; x64) AppleWebKit/537.36 (KHTML, like Gecko) Chrome/78.0.3904.108 Safari/537.36"
68.183.155.195 - - [29/Oct/2024:18:39:37 -0700] "GET //site/wp-includes/wlwmanifest.xml HTTP/1.1" 404 520 "-" "Mozilla/5.0 (Windows NT 10.0; Win64; x64) AppleWebKit/537.36 (KHTML, like Gecko) Chrome/78.0.3904.108 Safari/537.36"
68.183.155.195 - - [29/Oct/2024:18:39:37 -0700] "GET //cms/wp-includes/wlwmanifest.xml HTTP/1.1" 404 520 "-" "Mozilla/5.0 (Windows NT 10.0; Win64; x64) AppleWebKit/537.36 (KHTML, like Gecko) Chrome/78.0.3904.108 Safari/537.36"
68.183.155.195 - - [29/Oct/2024:18:39:37 -0700] "GET //sito/wp-includes/wlwmanifest.xml HTTP/1.1" 404 520 "-" "Mozilla/5.0 (Windows NT 10.0; Win64; x64) AppleWebKit/537.36 (KHTML, like Gecko) Chrome/78.0.3904.108 Safari/537.36"
192.234.79.193 - - [29/Oct/2024:18:44:05 -0700] "GET /chatgpt_1029181.html HTTP/1.1" 200 5462 "-" "Mozilla/5.0 (X11; Linux x86_64) AppleWebKit/537.36 (KHTML, like Gecko) Chrome/113.0.5672.92 Safari/537.36"
138.246.253.24 - - [29/Oct/2024:18:45:01 -0700] "GET /robots.txt HTTP/1.1" 200 5202 "-" "Mozilla/5.0 (Windows NT 10.0; Win64; x64) AppleWebKit/537.36 (KHTML, like Gecko) Chrome/103.0.5060.134 Safari/537.36"
114.119.137.94 - - [29/Oct/2024:18:45:26 -0700] "GET /robots.txt HTTP/1.1" 200 5305 "-" "Mozilla/5.0 (compatible;PetalBot;+https://webmaster.petalsearch.com/site/petalbot)"
103.125.189.18 - - [29/Oct/2024:18:45:37 -0700] "GET /.env HTTP/1.1" 404 5480 "-" "Mozilla/5.0 (Linux; U; Android 4.4.2; en-US; HM NOTE 1W Build/KOT49H) AppleWebKit/534.30 (KHTML, like Gecko) Version/4.0 UCBrowser/11.0.5.850 U3/0.8.0 Mobile Safari/534.30"
103.125.189.18 - - [29/Oct/2024:18:45:38 -0700] "POST / HTTP/1.1" 403 5483 "-" "Mozilla/5.0 (Linux; U; Android 4.4.2; en-US; HM NOTE 1W Build/KOT49H) AppleWebKit/534.30 (KHTML, like Gecko) Version/4.0 UCBrowser/11.0.5.850 U3/0.8.0 Mobile Safari/534.30"
120.25.154.5 - - [29/Oct/2024:18:48:12 -0700] "POST /cgi-bin/.%2e/.%2e/.%2e/.%2e/.%2e/.%2e/.%2e/.%2e/.%2e/.%2e/bin/sh HTTP/1.1" 400 5412 "-" "Custom-AsyncHttpClient"
120.25.154.5 - - [29/Oct/2024:18:48:13 -0700] "POST /cgi-bin/%%32%65%%32%65/%%32%65%%32%65/%%32%65%%32%65/%%32%65%%32%65/%%32%65%%32%65/%%32%65%%32%65/%%32%65%%32%65/bin/sh HTTP/1.1" 400 5412 "-" "Custom-AsyncHttpClient"
120.25.154.5 - - [29/Oct/2024:18:48:14 -0700] "POST /hello.world?%ADd+allow_url_include%3d1+%ADd+auto_prepend_file%3dphp://input HTTP/1.1" 403 5420 "-" "Custom-AsyncHttpClient"
120.25.154.5 - - [29/Oct/2024:18:48:14 -0700] "GET /vendor/phpunit/phpunit/src/Util/PHP/eval-stdin.php HTTP/1.1" 404 515 "-" "Custom-AsyncHttpClient"
120.25.154.5 - - [29/Oct/2024:18:48:15 -0700] "GET /vendor/phpunit/phpunit/Util/PHP/eval-stdin.php HTTP/1.1" 404 515 "-" "Custom-AsyncHttpClient"
120.25.154.5 - - [29/Oct/2024:18:48:15 -0700] "GET /vendor/phpunit/src/Util/PHP/eval-stdin.php HTTP/1.1" 404 515 "-" "Custom-AsyncHttpClient"
120.25.154.5 - - [29/Oct/2024:18:48:16 -0700] "GET /vendor/phpunit/Util/PHP/eval-stdin.php HTTP/1.1" 404 515 "-" "Custom-AsyncHttpClient"
120.25.154.5 - - [29/Oct/2024:18:48:16 -0700] "GET /vendor/phpunit/phpunit/LICENSE/eval-stdin.php HTTP/1.1" 404 515 "-" "Custom-AsyncHttpClient"
120.25.154.5 - - [29/Oct/2024:18:48:17 -0700] "GET /vendor/vendor/phpunit/phpunit/src/Util/PHP/eval-stdin.php HTTP/1.1" 404 515 "-" "Custom-AsyncHttpClient"
120.25.154.5 - - [29/Oct/2024:18:48:18 -0700] "GET /phpunit/phpunit/src/Util/PHP/eval-stdin.php HTTP/1.1" 404 515 "-" "Custom-AsyncHttpClient"
120.25.154.5 - - [29/Oct/2024:18:48:18 -0700] "GET /phpunit/phpunit/Util/PHP/eval-stdin.php HTTP/1.1" 404 515 "-" "Custom-AsyncHttpClient"
120.25.154.5 - - [29/Oct/2024:18:48:19 -0700] "GET /phpunit/src/Util/PHP/eval-stdin.php HTTP/1.1" 404 515 "-" "Custom-AsyncHttpClient"
120.25.154.5 - - [29/Oct/2024:18:48:19 -0700] "GET /phpunit/Util/PHP/eval-stdin.php HTTP/1.1" 404 515 "-" "Custom-AsyncHttpClient"
120.25.154.5 - - [29/Oct/2024:18:48:19 -0700] "GET /lib/phpunit/phpunit/src/Util/PHP/eval-stdin.php HTTP/1.1" 404 515 "-" "Custom-AsyncHttpClient"
120.25.154.5 - - [29/Oct/2024:18:48:20 -0700] "GET /lib/phpunit/phpunit/Util/PHP/eval-stdin.php HTTP/1.1" 404 515 "-" "Custom-AsyncHttpClient"
120.25.154.5 - - [29/Oct/2024:18:48:20 -0700] "GET /lib/phpunit/src/Util/PHP/eval-stdin.php HTTP/1.1" 404 515 "-" "Custom-AsyncHttpClient"
120.25.154.5 - - [29/Oct/2024:18:48:21 -0700] "GET /lib/phpunit/Util/PHP/eval-stdin.php HTTP/1.1" 404 515 "-" "Custom-AsyncHttpClient"
120.25.154.5 - - [29/Oct/2024:18:48:21 -0700] "GET /lib/vendor/phpunit/phpunit/src/Util/PHP/eval-stdin.php HTTP/1.1" 404 515 "-" "Custom-AsyncHttpClient"
120.25.154.5 - - [29/Oct/2024:18:48:22 -0700] "GET /laravel/vendor/phpunit/phpunit/src/Util/PHP/eval-stdin.php HTTP/1.1" 404 515 "-" "Custom-AsyncHttpClient"
120.25.154.5 - - [29/Oct/2024:18:48:22 -0700] "GET /www/vendor/phpunit/phpunit/src/Util/PHP/eval-stdin.php HTTP/1.1" 404 515 "-" "Custom-AsyncHttpClient"
120.25.154.5 - - [29/Oct/2024:18:48:23 -0700] "GET /ws/vendor/phpunit/phpunit/src/Util/PHP/eval-stdin.php HTTP/1.1" 404 515 "-" "Custom-AsyncHttpClient"
120.25.154.5 - - [29/Oct/2024:18:48:23 -0700] "GET /yii/vendor/phpunit/phpunit/src/Util/PHP/eval-stdin.php HTTP/1.1" 404 515 "-" "Custom-AsyncHttpClient"
120.25.154.5 - - [29/Oct/2024:18:48:23 -0700] "GET /zend/vendor/phpunit/phpunit/src/Util/PHP/eval-stdin.php HTTP/1.1" 404 515 "-" "Custom-AsyncHttpClient"
120.25.154.5 - - [29/Oct/2024:18:48:24 -0700] "GET /ws/ec/vendor/phpunit/phpunit/src/Util/PHP/eval-stdin.php HTTP/1.1" 404 515 "-" "Custom-AsyncHttpClient"
120.25.154.5 - - [29/Oct/2024:18:48:24 -0700] "GET /V2/vendor/phpunit/phpunit/src/Util/PHP/eval-stdin.php HTTP/1.1" 404 515 "-" "Custom-AsyncHttpClient"
120.25.154.5 - - [29/Oct/2024:18:48:24 -0700] "GET /tests/vendor/phpunit/phpunit/src/Util/PHP/eval-stdin.php HTTP/1.1" 404 515 "-" "Custom-AsyncHttpClient"
120.25.154.5 - - [29/Oct/2024:18:48:25 -0700] "GET /test/vendor/phpunit/phpunit/src/Util/PHP/eval-stdin.php HTTP/1.1" 404 515 "-" "Custom-AsyncHttpClient"
120.25.154.5 - - [29/Oct/2024:18:48:25 -0700] "GET /testing/vendor/phpunit/phpunit/src/Util/PHP/eval-stdin.php HTTP/1.1" 404 515 "-" "Custom-AsyncHttpClient"
120.25.154.5 - - [29/Oct/2024:18:48:25 -0700] "GET /api/vendor/phpunit/phpunit/src/Util/PHP/eval-stdin.php HTTP/1.1" 404 515 "-" "Custom-AsyncHttpClient"
120.25.154.5 - - [29/Oct/2024:18:48:26 -0700] "GET /demo/vendor/phpunit/phpunit/src/Util/PHP/eval-stdin.php HTTP/1.1" 404 515 "-" "Custom-AsyncHttpClient"
120.25.154.5 - - [29/Oct/2024:18:48:26 -0700] "GET /cms/vendor/phpunit/phpunit/src/Util/PHP/eval-stdin.php HTTP/1.1" 404 515 "-" "Custom-AsyncHttpClient"
120.25.154.5 - - [29/Oct/2024:18:48:27 -0700] "GET /crm/vendor/phpunit/phpunit/src/Util/PHP/eval-stdin.php HTTP/1.1" 404 515 "-" "Custom-AsyncHttpClient"
120.25.154.5 - - [29/Oct/2024:18:48:27 -0700] "GET /admin/vendor/phpunit/phpunit/src/Util/PHP/eval-stdin.php HTTP/1.1" 404 515 "-" "Custom-AsyncHttpClient"
120.25.154.5 - - [29/Oct/2024:18:48:27 -0700] "GET /backup/vendor/phpunit/phpunit/src/Util/PHP/eval-stdin.php HTTP/1.1" 404 515 "-" "Custom-AsyncHttpClient"
120.25.154.5 - - [29/Oct/2024:18:48:28 -0700] "GET /blog/vendor/phpunit/phpunit/src/Util/PHP/eval-stdin.php HTTP/1.1" 404 515 "-" "Custom-AsyncHttpClient"
120.25.154.5 - - [29/Oct/2024:18:48:28 -0700] "GET /workspace/drupal/vendor/phpunit/phpunit/src/Util/PHP/eval-stdin.php HTTP/1.1" 404 515 "-" "Custom-AsyncHttpClient"
120.25.154.5 - - [29/Oct/2024:18:48:28 -0700] "GET /panel/vendor/phpunit/phpunit/src/Util/PHP/eval-stdin.php HTTP/1.1" 404 515 "-" "Custom-AsyncHttpClient"
120.25.154.5 - - [29/Oct/2024:18:48:29 -0700] "GET /public/vendor/phpunit/phpunit/src/Util/PHP/eval-stdin.php HTTP/1.1" 404 515 "-" "Custom-AsyncHttpClient"
120.25.154.5 - - [29/Oct/2024:18:48:29 -0700] "GET /apps/vendor/phpunit/phpunit/src/Util/PHP/eval-stdin.php HTTP/1.1" 404 515 "-" "Custom-AsyncHttpClient"
120.25.154.5 - - [29/Oct/2024:18:48:30 -0700] "GET /app/vendor/phpunit/phpunit/src/Util/PHP/eval-stdin.php HTTP/1.1" 404 515 "-" "Custom-AsyncHttpClient"
120.25.154.5 - - [29/Oct/2024:18:48:30 -0700] "GET /index.php?s=/index/\\think\\app/invokefunction&function=call_user_func_array&vars[0]=md5&vars[1][]=Hello HTTP/1.1" 404 515 "-" "Custom-AsyncHttpClient"
120.25.154.5 - - [29/Oct/2024:18:48:30 -0700] "GET /public/index.php?s=/index/\\think\\app/invokefunction&function=call_user_func_array&vars[0]=md5&vars[1][]=Hello HTTP/1.1" 404 515 "-" "Custom-AsyncHttpClient"
120.25.154.5 - - [29/Oct/2024:18:48:31 -0700] "GET /index.php?lang=../../../../../../../../usr/local/lib/php/pearcmd&+config-create+/&/<?echo(md5(\"hi\"));?>+/tmp/index1.php HTTP/1.1" 404 515 "-" "Custom-AsyncHttpClient"
120.25.154.5 - - [29/Oct/2024:18:48:31 -0700] "GET /index.php?lang=../../../../../../../../tmp/index1 HTTP/1.1" 404 515 "-" "Custom-AsyncHttpClient"
120.25.154.5 - - [29/Oct/2024:18:48:32 -0700] "GET /containers/json HTTP/1.1" 404 515 "-" "Custom-AsyncHttpClient"
192.234.79.193 - - [29/Oct/2024:18:49:34 -0700] "GET /chatgpt_1029182.html HTTP/1.1" 200 5462 "-" "Mozilla/5.0 (X11; Linux x86_64) AppleWebKit/537.36 (KHTML, like Gecko) Chrome/113.0.5672.92 Safari/537.36"
66.249.70.71 - - [29/Oct/2024:18:51:21 -0700] "GET /robots.txt HTTP/1.1" 200 5294 "-" "Mozilla/5.0 (compatible; Googlebot/2.1; +http://www.google.com/bot.html)"
62.182.80.121 - - [29/Oct/2024:18:54:23 -0700] "GET /Connect.php HTTP/1.1" 404 5013 "-" "Mozilla/5.0 (Windows NT 10.0) AppleWebKit/537.36 (KHTML, like Gecko) Chrome/102.0.5005.61 Safari/537.36"
62.182.80.121 - - [29/Oct/2024:18:54:25 -0700] "GET /Connect.php HTTP/1.1" 404 630 "-" "Mozilla/5.0 (Windows NT 10.0; WOW64) AppleWebKit/537.36 (KHTML, like Gecko) Chrome/108.0.5359.19 Safari/537.36"
62.182.80.121 - - [29/Oct/2024:18:54:26 -0700] "GET /Connect.php HTTP/1.1" 404 630 "-" "Mozilla/5.0 (Windows NT 10.0) AppleWebKit/537.36 (KHTML, like Gecko) Chrome/106.0.5249.119 Safari/537.36"
62.182.80.121 - - [29/Oct/2024:18:54:28 -0700] "GET /Connect.php HTTP/1.1" 404 630 "-" "Mozilla/5.0 (Windows NT 10.0) AppleWebKit/537.36 (KHTML, like Gecko) Chrome/107.0.5304.88 Safari/537.36"
62.182.80.121 - - [29/Oct/2024:18:54:29 -0700] "GET /Connect.php HTTP/1.1" 404 630 "-" "Mozilla/5.0 (Windows NT 10.0; Win64; x64) AppleWebKit/537.36 (KHTML, like Gecko) Chrome/104.0.5112.102 Safari/537.36"
192.234.79.193 - - [29/Oct/2024:18:55:04 -0700] "GET /chatgpt_1029183.html HTTP/1.1" 200 5462 "-" "Mozilla/5.0 (X11; Linux x86_64) AppleWebKit/537.36 (KHTML, like Gecko) Chrome/113.0.5672.92 Safari/537.36"
141.98.10.26 - - [29/Oct/2024:18:59:10 -0700] "GET /Connect.php HTTP/1.1" 404 5013 "-" "Mozilla/5.0 (Windows NT 10.0) AppleWebKit/537.36 (KHTML, like Gecko) Chrome/104.0.5112.80 Safari/537.36"
141.98.10.26 - - [29/Oct/2024:18:59:11 -0700] "GET /Connect.php HTTP/1.1" 404 630 "-" "Mozilla/5.0 (Windows NT 6.1; Win64; x64) AppleWebKit/537.36 (KHTML, like Gecko) Chrome/107.0.5304.88 Safari/537.36"
141.98.10.26 - - [29/Oct/2024:18:59:12 -0700] "GET /Connect.php HTTP/1.1" 404 630 "-" "Mozilla/5.0 (Windows NT 10.0; WOW64) AppleWebKit/537.36 (KHTML, like Gecko) Chrome/102.0.5005.115 Safari/537.36"
141.98.10.26 - - [29/Oct/2024:18:59:14 -0700] "GET /Connect.php HTTP/1.1" 404 630 "-" "Mozilla/5.0 (Windows NT 6.1; Win64; x64) AppleWebKit/537.36 (KHTML, like Gecko) Chrome/103.0.5060.53 Safari/537.36"
141.98.10.26 - - [29/Oct/2024:18:59:15 -0700] "GET /Connect.php HTTP/1.1" 404 630 "-" "Mozilla/5.0 (Windows NT 10.0) AppleWebKit/537.36 (KHTML, like Gecko) Chrome/106.0.5249.103 Safari/537.36"
34.34.246.3 - - [29/Oct/2024:19:00:35 -0700] "GET /chatgpt_1029184.html HTTP/1.1" 200 5462 "-" "Mozilla/5.0 (Windows NT 10.0; Win64; x64) AppleWebKit/537.36 (KHTML, like Gecko) Chrome/91.0.4472.124 Safari/537"
192.234.79.193 - - [29/Oct/2024:19:06:01 -0700] "GET /chatgpt_1029185.html HTTP/1.1" 200 5462 "-" "Mozilla/5.0 (X11; Linux x86_64) AppleWebKit/537.36 (KHTML, like Gecko) Chrome/113.0.5672.92 Safari/537.36"
52.167.144.222 - - [29/Oct/2024:19:06:27 -0700] "GET /arts/3.jpg HTTP/1.1" 200 1627001 "-" "Mozilla/5.0 AppleWebKit/537.36 (KHTML, like Gecko; compatible; bingbot/2.0; +http://www.bing.com/bingbot.htm) Chrome/116.0.1938.76 Safari/537.36"
192.234.79.193 - - [29/Oct/2024:19:11:33 -0700] "GET /chatgpt_1029186.html HTTP/1.1" 200 5462 "-" "Mozilla/5.0 (X11; Linux x86_64) AppleWebKit/537.36 (KHTML, like Gecko) Chrome/113.0.5672.92 Safari/537.36"
192.234.79.193 - - [29/Oct/2024:19:22:30 -0700] "GET /chatgpt_1029188.html HTTP/1.1" 200 5462 "-" "Mozilla/5.0 (X11; Linux x86_64) AppleWebKit/537.36 (KHTML, like Gecko) Chrome/113.0.5672.92 Safari/537.36"
192.234.79.193 - - [29/Oct/2024:19:27:57 -0700] "GET /chatgpt_1029189.html HTTP/1.1" 200 5462 "-" "Mozilla/5.0 (X11; Linux x86_64) AppleWebKit/537.36 (KHTML, like Gecko) Chrome/113.0.5672.92 Safari/537.36"
185.224.128.83 - - [29/Oct/2024:19:38:40 -0700] "GET /cgi-bin/luci/;stok=/locale HTTP/1.1" 404 5361 "-" "-"
162.241.24.83 - - [29/Oct/2024:19:38:55 -0700] "GET /chatgpt_1029191.html HTTP/1.0" 200 5450 "-" "-"
162.241.24.83 - - [29/Oct/2024:19:38:59 -0700] "POST /chatgpt_1029191.html HTTP/1.1" 200 5446 "-" "-"
23.98.179.26 - - [29/Oct/2024:19:47:49 -0700] "GET /chatgpt_1029193.html HTTP/1.1" 200 5406 "-" "Mozilla/5.0 AppleWebKit/537.36 (KHTML, like Gecko); compatible; ChatGPT-User/1.0; +https://openai.com/bot"
185.100.87.136 - - [29/Oct/2024:19:57:07 -0700] "GET / HTTP/1.0" 400 622 "-" "-"
192.234.79.193 - - [29/Oct/2024:19:58:37 -0700] "GET /chatgpt_1029195.html HTTP/1.1" 200 5462 "-" "Mozilla/5.0 (X11; Linux x86_64) AppleWebKit/537.36 (KHTML, like Gecko) Chrome/113.0.5672.92 Safari/537.36"
23.98.179.25 - - [29/Oct/2024:20:14:03 -0700] "GET /chatgpt_1029198.html HTTP/1.1" 200 5406 "-" "Mozilla/5.0 AppleWebKit/537.36 (KHTML, like Gecko); compatible; ChatGPT-User/1.0; +https://openai.com/bot"
192.234.79.193 - - [29/Oct/2024:20:19:25 -0700] "GET /chatgpt_1029199.html HTTP/1.1" 200 5462 "-" "Mozilla/5.0 (X11; Linux x86_64) AppleWebKit/537.36 (KHTML, like Gecko) Chrome/113.0.5672.92 Safari/537.36"
23.98.179.24 - - [29/Oct/2024:20:23:54 -0700] "GET /chatgpt_10291100.html HTTP/1.1" 200 5406 "-" "Mozilla/5.0 AppleWebKit/537.36 (KHTML, like Gecko); compatible; ChatGPT-User/1.0; +https://openai.com/bot"
192.234.79.193 - - [29/Oct/2024:20:33:38 -0700] "GET /chatgpt_10291102.html HTTP/1.1" 200 5462 "-" "Mozilla/5.0 (X11; Linux x86_64) AppleWebKit/537.36 (KHTML, like Gecko) Chrome/113.0.5672.92 Safari/537.36"
113.62.169.130 - - [29/Oct/2024:20:34:01 -0700] "GET / HTTP/1.1" 200 7915 "http://website-c.com" "Mozilla/5.0 (iPhone; CPU iPhone OS 13_2_3 like Mac OS X) AppleWebKit/605.1.15 (KHTML, like Gecko) Version/13.0.3 Mobile/15E148 Safari/604.1"
192.234.79.193 - - [29/Oct/2024:20:39:07 -0700] "GET /chatgpt_10291103.html HTTP/1.1" 200 5462 "-" "Mozilla/5.0 (X11; Linux x86_64) AppleWebKit/537.36 (KHTML, like Gecko) Chrome/113.0.5672.92 Safari/537.36"
192.234.79.193 - - [29/Oct/2024:20:44:35 -0700] "GET /chatgpt_10291104.html HTTP/1.1" 200 5462 "-" "Mozilla/5.0 (X11; Linux x86_64) AppleWebKit/537.36 (KHTML, like Gecko) Chrome/113.0.5672.92 Safari/537.36"
35.203.210.226 - - [29/Oct/2024:20:46:16 -0700] "GET / HTTP/1.1" 200 7860 "-" "Expanse, a Palo Alto Networks company, searches across the global IPv4 space multiple times per day to identify customers&#39; presences on the Internet. If you would like to be excluded from our scans, please send IP addresses/domains to: scaninfo@paloaltonetworks.com"
192.234.79.193 - - [29/Oct/2024:20:50:04 -0700] "GET /chatgpt_10291105.html HTTP/1.1" 200 5462 "-" "Mozilla/5.0 (X11; Linux x86_64) AppleWebKit/537.36 (KHTML, like Gecko) Chrome/113.0.5672.92 Safari/537.36"
178.215.236.240 - - [29/Oct/2024:20:59:27 -0700] "GET /_profiler/phpinfo HTTP/1.1" 404 5380 "-" "Mozilla/5.0 (Linux; Android 9; POCOPHONE F1) AppleWebKit/537.36 (KHTML, like Gecko) Chrome/76.0.3809.111 Mobile Safari/537.36"
109.151.169.205 - - [29/Oct/2024:20:59:50 -0700] "GET / HTTP/1.1" 200 7967 "-" "Mozilla/5.0 (iPhone; CPU iPhone OS 17_5_1 like Mac OS X) AppleWebKit/605.1.15 (KHTML, like Gecko) Version/17.5 Mobile/15E148 Safari/604.1"
104.28.86.101 - - [29/Oct/2024:20:59:51 -0700] "GET /apple-touch-icon-120x120-precomposed.png HTTP/1.1" 404 5466 "-" "Settings/1250.5.12 CFNetwork/1496.0.7 Darwin/23.5.0"
104.28.86.101 - - [29/Oct/2024:20:59:51 -0700] "GET /apple-touch-icon-120x120.png HTTP/1.1" 404 513 "-" "Settings/1250.5.12 CFNetwork/1496.0.7 Darwin/23.5.0"
104.28.86.101 - - [29/Oct/2024:20:59:51 -0700] "GET /apple-touch-icon-precomposed.png HTTP/1.1" 404 513 "-" "Settings/1250.5.12 CFNetwork/1496.0.7 Darwin/23.5.0"
104.28.86.101 - - [29/Oct/2024:20:59:51 -0700] "GET /apple-touch-icon.png HTTP/1.1" 404 513 "-" "Settings/1250.5.12 CFNetwork/1496.0.7 Darwin/23.5.0"
104.28.86.101 - - [29/Oct/2024:20:59:52 -0700] "GET /assets/img/favicon-dark.png HTTP/1.1" 200 2680 "-" "Settings/1250.5.12 CFNetwork/1496.0.7 Darwin/23.5.0"
192.234.79.193 - - [29/Oct/2024:21:10:51 -0700] "GET /chatgpt_10291109.html HTTP/1.1" 200 5462 "-" "Mozilla/5.0 (X11; Linux x86_64) AppleWebKit/537.36 (KHTML, like Gecko) Chrome/113.0.5672.92 Safari/537.36"
192.234.79.193 - - [29/Oct/2024:21:16:21 -0700] "GET /chatgpt_10291110.html HTTP/1.1" 200 5462 "-" "Mozilla/5.0 (X11; Linux x86_64) AppleWebKit/537.36 (KHTML, like Gecko) Chrome/113.0.5672.92 Safari/537.36"
192.234.79.193 - - [29/Oct/2024:21:21:49 -0700] "GET /chatgpt_10291111.html HTTP/1.1" 200 5462 "-" "Mozilla/5.0 (X11; Linux x86_64) AppleWebKit/537.36 (KHTML, like Gecko) Chrome/113.0.5672.92 Safari/537.36"
162.158.175.91 - - [29/Oct/2024:21:38:16 -0700] "GET /chatgpt_10291114.html HTTP/1.1" 200 5462 "-" "-"
192.234.79.193 - - [29/Oct/2024:21:43:44 -0700] "GET /chatgpt_10291115.html HTTP/1.1" 200 5462 "-" "Mozilla/5.0 (X11; Linux x86_64) AppleWebKit/537.36 (KHTML, like Gecko) Chrome/113.0.5672.92 Safari/537.36"
114.119.151.172 - - [29/Oct/2024:21:44:16 -0700] "GET /index.html HTTP/1.1" 200 7963 "https://www.website-c.com/additional_art.html" "Mozilla/5.0 (Linux; Android 7.0;) AppleWebKit/537.36 (KHTML, like Gecko) Mobile Safari/537.36 (compatible; PetalBot;+https://webmaster.petalsearch.com/site/petalbot)"
92.255.57.58 - - [29/Oct/2024:21:44:58 -0700] "GET /?XDEBUG_SESSION_START=phpstorm HTTP/1.1" 200 7879 "-" "Mozilla/5.0 (Windows NT 10.0; Win64; x64) AppleWebKit/537.36 (KHTML, like Gecko) Chrome/78.0.3904.108 Safari/537.36"
192.234.79.193 - - [29/Oct/2024:21:49:13 -0700] "GET /chatgpt_10291116.html HTTP/1.1" 200 5462 "-" "Mozilla/5.0 (X11; Linux x86_64) AppleWebKit/537.36 (KHTML, like Gecko) Chrome/113.0.5672.92 Safari/537.36"
192.234.79.193 - - [29/Oct/2024:21:54:41 -0700] "GET /chatgpt_10291117.html HTTP/1.1" 200 5462 "-" "Mozilla/5.0 (X11; Linux x86_64) AppleWebKit/537.36 (KHTML, like Gecko) Chrome/113.0.5672.92 Safari/537.36"
192.234.79.193 - - [29/Oct/2024:22:00:10 -0700] "GET /chatgpt_10291118.html HTTP/1.1" 200 5462 "-" "Mozilla/5.0 (X11; Linux x86_64) AppleWebKit/537.36 (KHTML, like Gecko) Chrome/113.0.5672.92 Safari/537.36"
192.234.79.193 - - [29/Oct/2024:22:05:38 -0700] "GET /chatgpt_10291119.html HTTP/1.1" 200 5462 "-" "Mozilla/5.0 (X11; Linux x86_64) AppleWebKit/537.36 (KHTML, like Gecko) Chrome/113.0.5672.92 Safari/537.36"
162.241.24.83 - - [29/Oct/2024:22:11:08 -0700] "GET /chatgpt_10291120.html HTTP/1.1" 200 5450 "-" "-"
199.45.155.73 - - [29/Oct/2024:22:14:56 -0700] "GET / HTTP/1.1" 421 5542 "-" "-"
89.187.162.176 - - [29/Oct/2024:22:19:31 -0700] "GET /wp-login.php HTTP/1.1" 404 5477 "-" "Mozilla/5.0 (Windows NT 10.0; Win64; x64) AppleWebKit/537.36 (KHTML, like Gecko) Chrome/91.0.4472.124 Safari/537.36"
87.120.115.119 - - [29/Oct/2024:22:21:59 -0700] "GET /_profiler/phpinfo HTTP/1.1" 404 5380 "-" "Mozilla/5.0 (iPhone; CPU iPhone OS 12_3_1 like Mac OS X) AppleWebKit/605.1.15 (KHTML, like Gecko) GSA/80.0.262003652 Mobile/16F203 Safari/604.1"
104.209.35.237 - - [29/Oct/2024:22:23:21 -0700] "GET / HTTP/1.0" 400 622 "-" "-"
137.184.140.160 - - [29/Oct/2024:22:25:19 -0700] "GET /chatgpt_10291123.html HTTP/1.1" 200 5495 "https://www.google.com/" "DefaultLangchainUserAgent"
192.234.79.193 - - [29/Oct/2024:22:30:47 -0700] "GET /chatgpt_10291124.html HTTP/1.1" 200 5462 "-" "Mozilla/5.0 (X11; Linux x86_64) AppleWebKit/537.36 (KHTML, like Gecko) Chrome/113.0.5672.92 Safari/537.36"
192.234.79.193 - - [29/Oct/2024:22:36:22 -0700] "GET /chatgpt_10291125.html HTTP/1.1" 200 5462 "-" "Mozilla/5.0 (X11; Linux x86_64) AppleWebKit/537.36 (KHTML, like Gecko) Chrome/113.0.5672.92 Safari/537.36"
173.252.87.1 - - [29/Oct/2024:22:37:28 -0700] "GET / HTTP/1.1" 200 12799 "-" "facebookexternalhit/1.1 (+http://www.facebook.com/externalhit_uatext.php)"
173.252.87.4 - - [29/Oct/2024:22:37:29 -0700] "GET /assets/js/scale.fix.js HTTP/1.1" 200 6243 "-" "facebookexternalhit/1.1 (+http://www.facebook.com/externalhit_uatext.php)"
173.252.87.4 - - [29/Oct/2024:22:37:29 -0700] "GET /assets/js/favicon-switcher.js HTTP/1.1" 200 6695 "-" "facebookexternalhit/1.1 (+http://www.facebook.com/externalhit_uatext.php)"
192.234.79.193 - - [29/Oct/2024:22:47:22 -0700] "GET /chatgpt_10291127.html HTTP/1.1" 200 5462 "-" "Mozilla/5.0 (X11; Linux x86_64) AppleWebKit/537.36 (KHTML, like Gecko) Chrome/113.0.5672.92 Safari/537.36"
141.98.10.26 - - [29/Oct/2024:22:53:44 -0700] "GET /Connect.php HTTP/1.1" 404 5013 "-" "Mozilla/5.0 (Windows NT 6.1; Win64; x64) AppleWebKit/537.36 (KHTML, like Gecko) Chrome/106.0.5249.65 Safari/537.36"
141.98.10.26 - - [29/Oct/2024:22:53:45 -0700] "GET /Connect.php HTTP/1.1" 404 630 "-" "Mozilla/5.0 (Windows NT 10.0; WOW64) AppleWebKit/537.36 (KHTML, like Gecko) Chrome/104.0.5112.101 Safari/537.36"
141.98.10.26 - - [29/Oct/2024:22:53:46 -0700] "GET /Connect.php HTTP/1.1" 404 630 "-" "Mozilla/5.0 (Windows NT 10.0; WOW64) AppleWebKit/537.36 (KHTML, like Gecko) Chrome/103.0.5060.53 Safari/537.36"
141.98.10.26 - - [29/Oct/2024:22:53:48 -0700] "GET /Connect.php HTTP/1.1" 404 630 "-" "Mozilla/5.0 (Windows NT 10.0) AppleWebKit/537.36 (KHTML, like Gecko) Chrome/102.0.5005.115 Safari/537.36"
141.98.10.26 - - [29/Oct/2024:22:53:49 -0700] "GET /Connect.php HTTP/1.1" 404 630 "-" "Mozilla/5.0 (Windows NT 6.3; Win64; x64) AppleWebKit/537.36 (KHTML, like Gecko) Chrome/103.0.5060.134 Safari/537.36"
192.234.79.193 - - [29/Oct/2024:22:58:14 -0700] "GET /chatgpt_10291129.html HTTP/1.1" 200 5462 "-" "Mozilla/5.0 (X11; Linux x86_64) AppleWebKit/537.36 (KHTML, like Gecko) Chrome/113.0.5672.92 Safari/537.36"
130.255.161.237 - - [29/Oct/2024:23:00:48 -0700] "GET /robots.txt HTTP/1.1" 200 5257 "http://website-c.com/robots.txt" "Mozilla/5.0 (Windows NT 6.3; Win64; x64; rv:109.0) Gecko/20100101 Firefox/115"
93.158.91.237 - - [29/Oct/2024:23:00:50 -0700] "GET / HTTP/1.1" 200 7915 "http://website-c.com/" "Mozilla/5.0 (Windows NT 6.3; Win64; x64; rv:109.0) Gecko/20100101 Firefox/115"
207.154.243.125 - - [29/Oct/2024:23:03:43 -0700] "GET /chatgpt_10291130.html HTTP/1.1" 200 5510 "-" "Mozilla/5.0 (Windows NT 10.0; Win64; x64) AppleWebKit/537.36 (KHTML, like Gecko) Chrome/91.0.4472.124 Safari/537.36"
192.234.79.193 - - [29/Oct/2024:23:09:14 -0700] "GET /chatgpt_10291131.html HTTP/1.1" 200 5462 "-" "Mozilla/5.0 (X11; Linux x86_64) AppleWebKit/537.36 (KHTML, like Gecko) Chrome/113.0.5672.92 Safari/537.36"
47.251.93.227 - - [29/Oct/2024:23:11:04 -0700] "GET /dns-query?dns=u2wBAAABAAAAAAAAB2V4YW1wbGUDY29tAAABAAE HTTP/1.1" 404 5417 "-" "Go-http-client/1.1"
47.251.93.227 - - [29/Oct/2024:23:11:04 -0700] "POST /dns-query HTTP/1.1" 403 518 "-" "Go-http-client/1.1"
47.251.93.227 - - [29/Oct/2024:23:11:04 -0700] "GET /dns-query?name=example.com&type=A HTTP/1.1" 404 515 "-" "Go-http-client/1.1"
47.251.93.227 - - [29/Oct/2024:23:11:04 -0700] "GET /dns-query?dns=PpEBAAABAAAAAAAAB2V4YW1wbGUDY29tAAABAAE HTTP/1.1" 404 515 "-" "Go-http-client/1.1"
47.251.93.227 - - [29/Oct/2024:23:11:04 -0700] "POST /dns-query HTTP/1.1" 403 518 "-" "Go-http-client/1.1"
47.251.93.227 - - [29/Oct/2024:23:11:04 -0700] "GET /dns-query?name=example.com&type=A HTTP/1.1" 404 515 "-" "Go-http-client/1.1"
47.251.93.227 - - [29/Oct/2024:23:11:04 -0700] "GET /query?dns=Y94BAAABAAAAAAAAB2V4YW1wbGUDY29tAAABAAE HTTP/1.1" 404 515 "-" "Go-http-client/1.1"
47.251.93.227 - - [29/Oct/2024:23:11:04 -0700] "POST /query HTTP/1.1" 403 518 "-" "Go-http-client/1.1"
47.251.93.227 - - [29/Oct/2024:23:11:04 -0700] "GET /query?name=example.com&type=A HTTP/1.1" 404 515 "-" "Go-http-client/1.1"
47.251.93.227 - - [29/Oct/2024:23:11:04 -0700] "GET /query?dns=97EBAAABAAAAAAAAB2V4YW1wbGUDY29tAAABAAE HTTP/1.1" 404 515 "-" "Go-http-client/1.1"
47.251.93.227 - - [29/Oct/2024:23:11:04 -0700] "POST /query HTTP/1.1" 403 518 "-" "Go-http-client/1.1"
47.251.93.227 - - [29/Oct/2024:23:11:04 -0700] "GET /query?name=example.com&type=A HTTP/1.1" 404 515 "-" "Go-http-client/1.1"
47.251.93.227 - - [29/Oct/2024:23:11:04 -0700] "GET /resolve?dns=kO4BAAABAAAAAAAAB2V4YW1wbGUDY29tAAABAAE HTTP/1.1" 404 515 "-" "Go-http-client/1.1"
47.251.93.227 - - [29/Oct/2024:23:11:04 -0700] "POST /resolve HTTP/1.1" 403 518 "-" "Go-http-client/1.1"
47.251.93.227 - - [29/Oct/2024:23:11:04 -0700] "GET /resolve?name=example.com&type=A HTTP/1.1" 404 515 "-" "Go-http-client/1.1"
47.251.93.227 - - [29/Oct/2024:23:11:04 -0700] "GET /resolve?dns=YQ8BAAABAAAAAAAAB2V4YW1wbGUDY29tAAABAAE HTTP/1.1" 404 515 "-" "Go-http-client/1.1"
47.251.93.227 - - [29/Oct/2024:23:11:04 -0700] "POST /resolve HTTP/1.1" 403 518 "-" "Go-http-client/1.1"
47.251.93.227 - - [29/Oct/2024:23:11:04 -0700] "GET /resolve?name=example.com&type=A HTTP/1.1" 404 515 "-" "Go-http-client/1.1"
47.251.93.227 - - [29/Oct/2024:23:11:04 -0700] "GET /?dns=mjsBAAABAAAAAAAAB2V4YW1wbGUDY29tAAABAAE HTTP/1.1" 200 7798 "-" "Go-http-client/1.1"
47.251.93.227 - - [29/Oct/2024:23:11:04 -0700] "POST / HTTP/1.1" 403 518 "-" "Go-http-client/1.1"
47.251.93.227 - - [29/Oct/2024:23:11:04 -0700] "GET /?name=example.com&type=A HTTP/1.1" 200 7798 "-" "Go-http-client/1.1"
47.251.93.227 - - [29/Oct/2024:23:11:04 -0700] "GET /?dns=_6wBAAABAAAAAAAAB2V4YW1wbGUDY29tAAABAAE HTTP/1.1" 200 7798 "-" "Go-http-client/1.1"
47.251.93.227 - - [29/Oct/2024:23:11:04 -0700] "POST / HTTP/1.1" 403 518 "-" "Go-http-client/1.1"
47.251.93.227 - - [29/Oct/2024:23:11:04 -0700] "GET /?name=example.com&type=A HTTP/1.1" 200 7798 "-" "Go-http-client/1.1"
172.68.27.137 - - [29/Oct/2024:23:20:11 -0700] "GET /chatgpt_10291133.html HTTP/1.1" 200 5462 "-" "-"
92.255.57.58 - - [29/Oct/2024:23:21:11 -0700] "GET /actuator/gateway/routes HTTP/1.1" 404 5380 "-" "Mozilla/5.0 (Windows NT 10.0; Win64; x64) AppleWebKit/537.36 (KHTML, like Gecko) Chrome/78.0.3904.108 Safari/537.36"
192.234.79.193 - - [29/Oct/2024:23:25:49 -0700] "GET /chatgpt_10291134.html HTTP/1.1" 200 5462 "-" "Mozilla/5.0 (X11; Linux x86_64) AppleWebKit/537.36 (KHTML, like Gecko) Chrome/113.0.5672.92 Safari/537.36"
103.149.12.14 - - [29/Oct/2024:23:28:30 -0700] "GET / HTTP/1.1" 200 7467 "-" "Mozilla/5.0 (Windows NT 5.1; rv:9.0.1) Gecko/20100101 Firefox/9.0.1"
192.234.79.193 - - [29/Oct/2024:23:31:10 -0700] "GET /chatgpt_10291135.html HTTP/1.1" 200 5462 "-" "Mozilla/5.0 (X11; Linux x86_64) AppleWebKit/537.36 (KHTML, like Gecko) Chrome/113.0.5672.92 Safari/537.36"
49.43.200.78 - - [29/Oct/2024:23:33:00 -0700] "GET /Temporary/Guide.pdf HTTP/1.1" 404 5048 "https://www.website-c.com/Connect.php?gclid=EAIaIQobChMI4cvvvsKp7AIVSWqLCh3VagNGEAEYASAAEgLEPfD_BwE" ""
159.223.198.128 - - [29/Oct/2024:23:36:40 -0700] "GET /chatgpt_10291136.html HTTP/1.1" 200 5510 "-" "python-requests/2.32.3"
159.223.198.128 - - [29/Oct/2024:23:36:40 -0700] "GET /chatgpt_10291136.html HTTP/1.1" 200 5495 "https://www.google.com/" "ToolsAPI/1.0"
43.153.110.177 - - [29/Oct/2024:23:38:59 -0700] "GET / HTTP/1.1" 200 7915 "http://website-c.com" "Mozilla/5.0 (iPhone; CPU iPhone OS 13_2_3 like Mac OS X) AppleWebKit/605.1.15 (KHTML, like Gecko) Version/13.0.3 Mobile/15E148 Safari/604.1"
205.210.31.93 - - [29/Oct/2024:23:41:28 -0700] "GET / HTTP/1.1" 200 12644 "-" "Expanse, a Palo Alto Networks company, searches across the global IPv4 space multiple times per day to identify customers&#39; presences on the Internet. If you would like to be excluded from our scans, please send IP addresses/domains to: scaninfo@paloaltonetworks.com"
141.98.10.26 - - [29/Oct/2024:23:42:14 -0700] "GET /Connect.php HTTP/1.1" 404 5013 "-" "Mozilla/5.0 (Windows NT 10.0) AppleWebKit/537.36 (KHTML, like Gecko) Chrome/103.0.5060.134 Safari/537.36"
141.98.10.26 - - [29/Oct/2024:23:42:15 -0700] "GET /Connect.php HTTP/1.1" 404 630 "-" "Mozilla/5.0 (Windows NT 10.0; WOW64) AppleWebKit/537.36 (KHTML, like Gecko) Chrome/109.0.5384.0 Safari/537.36"
141.98.10.26 - - [29/Oct/2024:23:42:17 -0700] "GET /Connect.php HTTP/1.1" 404 630 "-" "Mozilla/5.0 (Windows NT 6.1; Win64; x64) AppleWebKit/537.36 (KHTML, like Gecko) Chrome/106.0.5249.62 Safari/537.36"
141.98.10.26 - - [29/Oct/2024:23:42:18 -0700] "GET /Connect.php HTTP/1.1" 404 630 "-" "Mozilla/5.0 (Windows NT 6.3; Win64; x64) AppleWebKit/537.36 (KHTML, like Gecko) Chrome/107.0.5304.66 Safari/537.36"
141.98.10.26 - - [29/Oct/2024:23:42:19 -0700] "GET /Connect.php HTTP/1.1" 404 630 "-" "Mozilla/5.0 (Windows NT 6.1; Win64; x64) AppleWebKit/537.36 (KHTML, like Gecko) Chrome/102.0.5005.62 Safari/537.36"
114.119.141.9 - - [29/Oct/2024:23:47:16 -0700] "GET /additional_art.html HTTP/1.1" 200 6952 "https://website-c.com/index.html" "Mozilla/5.0 (Linux; Android 7.0;) AppleWebKit/537.36 (KHTML, like Gecko) Mobile Safari/537.36 (compatible; PetalBot;+https://webmaster.petalsearch.com/site/petalbot)"
164.92.107.174 - - [29/Oct/2024:23:51:30 -0700] "GET / HTTP/1.1" 200 12699 "-" "-"
164.92.107.174 - - [29/Oct/2024:23:51:30 -0700] "GET / HTTP/1.1" 200 12699 "-" "Mozilla/5.0 (Linux; Android 6.0; HTC One M9 Build/MRA037193) AppleWebKit/537.36 (KHTML, like Gecko) Chrome/52.0.3489.98 Mobile Safari/537.3"
164.92.107.174 - - [29/Oct/2024:23:51:30 -0700] "GET /server HTTP/1.1" 404 5414 "-" "Go-http-client/1.1"
164.92.107.174 - - [29/Oct/2024:23:51:30 -0700] "GET /.vscode/sftp.json HTTP/1.1" 404 993 "-" "Go-http-client/1.1"
164.92.107.174 - - [29/Oct/2024:23:51:30 -0700] "GET /about HTTP/1.1" 404 993 "-" "Go-http-client/1.1"
164.92.107.174 - - [29/Oct/2024:23:51:30 -0700] "GET /debug/default/view?panel=config HTTP/1.1" 404 993 "-" "Go-http-client/1.1"
164.92.107.174 - - [29/Oct/2024:23:51:30 -0700] "GET /v2/_catalog HTTP/1.1" 404 993 "-" "Go-http-client/1.1"
164.92.107.174 - - [29/Oct/2024:23:51:30 -0700] "GET /ecp/Current/exporttool/microsoft.exchange.ediscovery.exporttool.application HTTP/1.1" 404 993 "-" "Go-http-client/1.1"
164.92.107.174 - - [29/Oct/2024:23:51:30 -0700] "GET /server-status HTTP/1.1" 403 996 "-" "Go-http-client/1.1"
164.92.107.174 - - [29/Oct/2024:23:51:30 -0700] "GET /login.action HTTP/1.1" 404 993 "-" "Go-http-client/1.1"
164.92.107.174 - - [29/Oct/2024:23:51:30 -0700] "GET /_all_dbs HTTP/1.1" 404 993 "-" "Mozilla/5.0 (l9scan/2.0.1333e2031313e2634323e2730323; +https://leakix.net)"
164.92.107.174 - - [29/Oct/2024:23:51:30 -0700] "GET /.DS_Store HTTP/1.1" 200 6911 "-" "Go-http-client/1.1"
