120.25.191.199 - - [30/Oct/2024:10:17:52 -0700] "GET /index.php?lang=../../../../../../../../usr/local/lib/php/pearcmd&+config-create+/&/<?echo(md5(\"hi\"));?>+/tmp/index1.php HTTP/1.1" 404 515 "-" "Custom-AsyncHttpClient"
120.25.191.199 - - [30/Oct/2024:10:17:52 -0700] "GET /index.php?lang=../../../../../../../../tmp/index1 HTTP/1.1" 404 515 "-" "Custom-AsyncHttpClient"
120.25.191.199 - - [30/Oct/2024:10:17:52 -0700] "GET /containers/json HTTP/1.1" 404 515 "-" "Custom-AsyncHttpClient"
192.234.79.193 - - [30/Oct/2024:10:18:40 -0700] "GET /chatgpt_103014.html HTTP/1.1" 200 5462 "-" "Mozilla/5.0 (X11; Linux x86_64) AppleWebKit/537.36 (KHTML, like Gecko) Chrome/113.0.5672.92 Safari/537.36"
23.98.179.16 - - [30/Oct/2024:10:24:14 -0700] "GET /chatgpt_103015.html HTTP/1.1" 200 5406 "-" "Mozilla/5.0 AppleWebKit/537.36 (KHTML, like Gecko); compatible; ChatGPT-User/1.0; +https://openai.com/bot"
62.182.80.121 - - [30/Oct/2024:10:25:23 -0700] "GET /Connect.php HTTP/1.1" 404 5013 "-" "Mozilla/5.0 (Windows NT 6.1; Win64; x64) AppleWebKit/537.36 (KHTML, like Gecko) Chrome/101.0.4951.64 Safari/537.36"
62.182.80.121 - - [30/Oct/2024:10:25:24 -0700] "GET /Connect.php HTTP/1.1" 404 630 "-" "Mozilla/5.0 (Windows NT 6.1; Win64; x64) AppleWebKit/537.36 (KHTML, like Gecko) Chrome/106.0.5249.168 Safari/537.36"
62.182.80.121 - - [30/Oct/2024:10:25:25 -0700] "GET /Connect.php HTTP/1.1" 404 630 "-" "Mozilla/5.0 (Windows NT 10.0) AppleWebKit/537.36 (KHTML, like Gecko) Chrome/106.0.5249.103 Safari/537.36"
62.182.80.121 - - [30/Oct/2024:10:25:27 -0700] "GET /Connect.php HTTP/1.1" 404 630 "-" "Mozilla/5.0 (Windows NT 10.0) AppleWebKit/537.36 (KHTML, like Gecko) Chrome/105.0.5195.52 Safari/537.36"
62.182.80.121 - - [30/Oct/2024:10:25:28 -0700] "GET /Connect.php HTTP/1.1" 404 630 "-" "Mozilla/5.0 (Windows NT 6.1; Win64; x64) AppleWebKit/537.36 (KHTML, like Gecko) Chrome/104.0.5112.101 Safari/537.36"
62.182.80.121 - - [30/Oct/2024:10:27:07 -0700] "GET /Connect.php HTTP/1.1" 404 5013 "-" "Mozilla/5.0 (Windows NT 10.0; Win64; x64) AppleWebKit/537.36 (KHTML, like Gecko) Chrome/103.0.5060.114 Safari/537.36"
62.182.80.121 - - [30/Oct/2024:10:27:08 -0700] "GET /Connect.php HTTP/1.1" 404 630 "-" "Mozilla/5.0 (Windows NT 10.0; WOW64) AppleWebKit/537.36 (KHTML, like Gecko) Chrome/106.0.5249.165 Safari/537.36"
62.182.80.121 - - [30/Oct/2024:10:27:10 -0700] "GET /Connect.php HTTP/1.1" 404 630 "-" "Mozilla/5.0 (Windows NT 10.0) AppleWebKit/537.36 (KHTML, like Gecko) Chrome/107.0.5304.62 Safari/537.36"
62.182.80.121 - - [30/Oct/2024:10:27:11 -0700] "GET /Connect.php HTTP/1.1" 404 630 "-" "Mozilla/5.0 (Windows NT 6.1; Win64; x64) AppleWebKit/537.36 (KHTML, like Gecko) Chrome/102.0.5005.61 Safari/537.36"
62.182.80.121 - - [30/Oct/2024:10:27:12 -0700] "GET /Connect.php HTTP/1.1" 404 630 "-" "Mozilla/5.0 (Windows NT 10.0; WOW64) AppleWebKit/537.36 (KHTML, like Gecko) Chrome/106.0.5249.119 Safari/537.36"
87.120.112.106 - - [30/Oct/2024:10:35:04 -0700] "GET /.env HTTP/1.1" 404 5380 "-" "Mozilla/5.0 (Macintosh; Intel Mac OS X 10_6_8) AppleWebKit/537.13+ (KHTML, like Gecko) Version/5.1.7 Safari/534.57.2"
192.234.79.193 - - [30/Oct/2024:10:39:32 -0700] "GET /chatgpt_103018.html HTTP/1.1" 200 5462 "-" "Mozilla/5.0 (X11; Linux x86_64) AppleWebKit/537.36 (KHTML, like Gecko) Chrome/113.0.5672.92 Safari/537.36"
3.84.0.4 - - [30/Oct/2024:10:45:01 -0700] "GET /robots.txt HTTP/1.1" 200 5357 "-" "linkReader/1.0 (+https://gochitchat.ai)"
3.84.0.4 - - [30/Oct/2024:10:45:02 -0700] "GET /chatgpt_103019.html HTTP/1.1" 200 5510 "-" "linkReader/1.0 (+https://gochitchat.ai)"
52.44.37.242 - - [30/Oct/2024:10:45:02 -0700] "GET /chatgpt_103019.html HTTP/1.1" 200 5462 "-" "Mozilla/5.0 (X11; Linux x86_64) AppleWebKit/537.36 (KHTML, like Gecko) QtWebEngine/5.14.1 Chrome/77.0.3865.129 Safari/537.36"
23.98.179.24 - - [30/Oct/2024:10:54:59 -0700] "GET /chatgpt_1030111.html HTTP/1.1" 200 5406 "-" "Mozilla/5.0 AppleWebKit/537.36 (KHTML, like Gecko); compatible; ChatGPT-User/1.0; +https://openai.com/bot"
40.126.252.238 - - [30/Oct/2024:10:58:39 -0700] "HEAD /wordpress HTTP/1.1" 404 4661 "http://website-c.com/wordpress" "Mozilla/5.0 (Windows NT 10.0; Win64; x64) AppleWebKit/537.36 (KHTML, like Gecko) Chrome/74.0.3729.169 Safari/537.36"
40.126.252.238 - - [30/Oct/2024:10:58:39 -0700] "HEAD / HTTP/1.1" 200 283 "http://website-c.com/" "Mozilla/5.0 (Windows NT 10.0; Win64; x64) AppleWebKit/537.36 (KHTML, like Gecko) Chrome/74.0.3729.169 Safari/537.36"
40.126.252.238 - - [30/Oct/2024:10:58:39 -0700] "HEAD /wp HTTP/1.1" 404 169 "http://website-c.com/wp" "Mozilla/5.0 (Windows NT 10.0; Win64; x64) AppleWebKit/537.36 (KHTML, like Gecko) Chrome/74.0.3729.169 Safari/537.36"
40.126.252.238 - - [30/Oct/2024:10:58:40 -0700] "HEAD /bc HTTP/1.1" 404 169 "http://website-c.com/bc" "Mozilla/5.0 (Windows NT 10.0; Win64; x64) AppleWebKit/537.36 (KHTML, like Gecko) Chrome/74.0.3729.169 Safari/537.36"
40.126.252.238 - - [30/Oct/2024:10:58:40 -0700] "HEAD /bk HTTP/1.1" 404 169 "http://website-c.com/bk" "Mozilla/5.0 (Windows NT 10.0; Win64; x64) AppleWebKit/537.36 (KHTML, like Gecko) Chrome/74.0.3729.169 Safari/537.36"
40.126.252.238 - - [30/Oct/2024:10:58:40 -0700] "HEAD /backup HTTP/1.1" 404 169 "http://website-c.com/backup" "Mozilla/5.0 (Windows NT 10.0; Win64; x64) AppleWebKit/537.36 (KHTML, like Gecko) Chrome/74.0.3729.169 Safari/537.36"
40.126.252.238 - - [30/Oct/2024:10:58:40 -0700] "HEAD /old HTTP/1.1" 404 169 "http://website-c.com/old" "Mozilla/5.0 (Windows NT 10.0; Win64; x64) AppleWebKit/537.36 (KHTML, like Gecko) Chrome/74.0.3729.169 Safari/537.36"
40.126.252.238 - - [30/Oct/2024:10:58:41 -0700] "HEAD /new HTTP/1.1" 404 169 "http://website-c.com/new" "Mozilla/5.0 (Windows NT 10.0; Win64; x64) AppleWebKit/537.36 (KHTML, like Gecko) Chrome/74.0.3729.169 Safari/537.36"
40.126.252.238 - - [30/Oct/2024:10:58:41 -0700] "HEAD /main HTTP/1.1" 404 169 "http://website-c.com/main" "Mozilla/5.0 (Windows NT 10.0; Win64; x64) AppleWebKit/537.36 (KHTML, like Gecko) Chrome/74.0.3729.169 Safari/537.36"
40.126.252.238 - - [30/Oct/2024:10:58:41 -0700] "HEAD /home HTTP/1.1" 404 169 "http://website-c.com/home" "Mozilla/5.0 (Windows NT 10.0; Win64; x64) AppleWebKit/537.36 (KHTML, like Gecko) Chrome/74.0.3729.169 Safari/537.36"
192.234.79.193 - - [30/Oct/2024:10:59:34 -0700] "GET /chatgpt_1030112.html HTTP/1.1" 200 5462 "-" "Mozilla/5.0 (X11; Linux x86_64) AppleWebKit/537.36 (KHTML, like Gecko) Chrome/113.0.5672.92 Safari/537.36"
93.123.85.231 - - [30/Oct/2024:10:59:46 -0700] "GET /sftp-config.json HTTP/1.1" 404 5380 "-" "Go-http-client/1.1"
62.182.80.121 - - [30/Oct/2024:11:06:46 -0700] "GET /Connect.php HTTP/1.1" 404 5013 "-" "Mozilla/5.0 (Windows NT 10.0; WOW64) AppleWebKit/537.36 (KHTML, like Gecko) Chrome/107.0.5304.87 Safari/537.36"
62.182.80.121 - - [30/Oct/2024:11:06:48 -0700] "GET /Connect.php HTTP/1.1" 404 630 "-" "Mozilla/5.0 (Windows NT 6.3; Win64; x64) AppleWebKit/537.36 (KHTML, like Gecko) Chrome/107.0.5304.54 Safari/537.36"
62.182.80.121 - - [30/Oct/2024:11:06:49 -0700] "GET /Connect.php HTTP/1.1" 404 630 "-" "Mozilla/5.0 (Windows NT 10.0; Win64; x64) AppleWebKit/537.36 (KHTML, like Gecko) Chrome/106.0.5249.65 Safari/537.36"
62.182.80.121 - - [30/Oct/2024:11:06:50 -0700] "GET /Connect.php HTTP/1.1" 404 630 "-" "Mozilla/5.0 (Windows NT 6.1; Win64; x64) AppleWebKit/537.36 (KHTML, like Gecko) Chrome/107.0.5304.66 Safari/537.36"
62.182.80.121 - - [30/Oct/2024:11:06:52 -0700] "GET /Connect.php HTTP/1.1" 404 630 "-" "Mozilla/5.0 (Windows NT 10.0) AppleWebKit/537.36 (KHTML, like Gecko) Chrome/103.0.5060.114 Safari/537.36"
192.234.79.193 - - [30/Oct/2024:11:10:36 -0700] "GET /chatgpt_1030114.html HTTP/1.1" 200 5462 "-" "Mozilla/5.0 (X11; Linux x86_64) AppleWebKit/537.36 (KHTML, like Gecko) Chrome/113.0.5672.92 Safari/537.36"
62.182.80.121 - - [30/Oct/2024:11:13:19 -0700] "GET /Connect.php HTTP/1.1" 404 5013 "-" "Mozilla/5.0 (Windows NT 6.1; Win64; x64) AppleWebKit/537.36 (KHTML, like Gecko) Chrome/107.0.5304.87 Safari/537.36"
62.182.80.121 - - [30/Oct/2024:11:13:21 -0700] "GET /Connect.php HTTP/1.1" 404 630 "-" "Mozilla/5.0 (Windows NT 10.0; Win64; x64) AppleWebKit/537.36 (KHTML, like Gecko) Chrome/102.0.5005.115 Safari/537.36"
62.182.80.121 - - [30/Oct/2024:11:13:22 -0700] "GET /Connect.php HTTP/1.1" 404 630 "-" "Mozilla/5.0 (Windows NT 10.0; WOW64) AppleWebKit/537.36 (KHTML, like Gecko) Chrome/104.0.5112.102 Safari/537.36"
62.182.80.121 - - [30/Oct/2024:11:13:23 -0700] "GET /Connect.php HTTP/1.1" 404 630 "-" "Mozilla/5.0 (Windows NT 10.0; WOW64) AppleWebKit/537.36 (KHTML, like Gecko) Chrome/107.0.5304.66 Safari/537.36"
62.182.80.121 - - [30/Oct/2024:11:13:24 -0700] "GET /Connect.php HTTP/1.1" 404 630 "-" "Mozilla/5.0 (Windows NT 10.0; Win64; x64) AppleWebKit/537.36 (KHTML, like Gecko) Chrome/103.0.5060.53 Safari/537.36"
167.94.138.63 - - [30/Oct/2024:11:15:50 -0700] "GET / HTTP/1.1" 200 12644 "-" "-"
167.94.138.63 - - [30/Oct/2024:11:15:53 -0700] "GET / HTTP/1.1" 200 7860 "-" "Mozilla/5.0 (compatible; CensysInspect/1.1; +https://about.censys.io/)"
167.94.138.63 - - [30/Oct/2024:11:15:54 -0700] "GET /./assets/img/favicon-dark.png HTTP/1.1" 200 7545 "-" "Mozilla/5.0 (compatible; CensysInspect/1.1; +https://about.censys.io/)"
167.94.138.63 - - [30/Oct/2024:11:15:55 -0700] "GET /./assets/img/favicon.png HTTP/1.1" 200 8373 "-" "Mozilla/5.0 (compatible; CensysInspect/1.1; +https://about.censys.io/)"
167.94.138.63 - - [30/Oct/2024:11:15:55 -0700] "GET /favicon.ico HTTP/1.1" 404 5380 "-" "Mozilla/5.0 (compatible; CensysInspect/1.1; +https://about.censys.io/)"
23.98.179.29 - - [30/Oct/2024:11:16:15 -0700] "GET /chatgpt_1030115.html HTTP/1.1" 200 5406 "-" "Mozilla/5.0 AppleWebKit/537.36 (KHTML, like Gecko); compatible; ChatGPT-User/1.0; +https://openai.com/bot"
164.92.123.1 - - [30/Oct/2024:11:16:34 -0700] "GET /connect.php HTTP/1.1" 404 5033 "-" "Mozilla/5.0 (Windows NT 10.0; Win64; x64) AppleWebKit/537.36 (KHTML, like Gecko) Chrome/107.0.5304.62 Safari/537.36"
164.92.123.1 - - [30/Oct/2024:11:16:34 -0700] "GET /connect.php HTTP/1.1" 404 634 "-" "Mozilla/5.0 (Windows NT 10.0; Win64; x64) AppleWebKit/537.36 (KHTML, like Gecko) Chrome/107.0.5304.88 Safari/537.36"
164.92.123.1 - - [30/Oct/2024:11:16:34 -0700] "GET /connect.php HTTP/1.1" 404 634 "-" "Mozilla/5.0 (Windows NT 6.3; Win64; x64) AppleWebKit/537.36 (KHTML, like Gecko) Chrome/107.0.5304.88 Safari/537.36"
164.92.123.1 - - [30/Oct/2024:11:16:37 -0700] "GET /connect.php HTTP/1.1" 404 634 "-" "Mozilla/5.0 (Windows NT 6.1; Win64; x64) AppleWebKit/537.36 (KHTML, like Gecko) Chrome/107.0.5304.62 Safari/537.36"
164.92.123.1 - - [30/Oct/2024:11:16:37 -0700] "GET /connect.php HTTP/1.1" 404 634 "-" "Mozilla/5.0 (Windows NT 10.0; Win64; x64) AppleWebKit/537.36 (KHTML, like Gecko) Chrome/109.0.5384.0 Safari/537.36"
43.157.22.57 - - [30/Oct/2024:11:18:16 -0700] "GET / HTTP/1.0" 400 622 "-" "-"
162.241.24.83 - - [30/Oct/2024:11:21:43 -0700] "GET /robots.txt HTTP/1.0" 200 5305 "-" "-"
162.241.24.83 - - [30/Oct/2024:11:21:43 -0700] "GET /chatgpt_1030116.html HTTP/1.0" 200 5450 "-" "-"
162.241.24.83 - - [30/Oct/2024:11:21:43 -0700] "GET /chatgpt_1030116.html HTTP/1.0" 200 5450 "-" "-"
162.241.24.83 - - [30/Oct/2024:11:21:43 -0700] "GET /chatgpt_1030116.html HTTP/1.0" 200 5450 "-" "-"
62.182.80.121 - - [30/Oct/2024:11:26:46 -0700] "GET /Connect.php HTTP/1.1" 404 5013 "-" "Mozilla/5.0 (Windows NT 10.0; WOW64) AppleWebKit/537.36 (KHTML, like Gecko) Chrome/107.0.5304.63 Safari/537.36"
62.182.80.121 - - [30/Oct/2024:11:26:48 -0700] "GET /Connect.php HTTP/1.1" 404 630 "-" "Mozilla/5.0 (Windows NT 10.0) AppleWebKit/537.36 (KHTML, like Gecko) Chrome/101.0.4951.64 Safari/537.36"
62.182.80.121 - - [30/Oct/2024:11:26:49 -0700] "GET /Connect.php HTTP/1.1" 404 630 "-" "Mozilla/5.0 (Windows NT 10.0) AppleWebKit/537.36 (KHTML, like Gecko) Chrome/102.0.5005.115 Safari/537.36"
62.182.80.121 - - [30/Oct/2024:11:26:50 -0700] "GET /Connect.php HTTP/1.1" 404 630 "-" "Mozilla/5.0 (Windows NT 6.1; Win64; x64) AppleWebKit/537.36 (KHTML, like Gecko) Chrome/100.0.4896.127 Safari/537.36"
62.182.80.121 - - [30/Oct/2024:11:26:52 -0700] "GET /Connect.php HTTP/1.1" 404 630 "-" "Mozilla/5.0 (Windows NT 10.0; WOW64) AppleWebKit/537.36 (KHTML, like Gecko) Chrome/103.0.5060.66 Safari/537.36"
192.234.79.193 - - [30/Oct/2024:11:32:45 -0700] "GET /chatgpt_1030118.html HTTP/1.1" 200 5462 "-" "Mozilla/5.0 (X11; Linux x86_64) AppleWebKit/537.36 (KHTML, like Gecko) Chrome/113.0.5672.92 Safari/537.36"
62.182.80.121 - - [30/Oct/2024:11:37:43 -0700] "GET /Connect.php HTTP/1.1" 404 5013 "-" "Mozilla/5.0 (Windows NT 6.1; Win64; x64) AppleWebKit/537.36 (KHTML, like Gecko) Chrome/101.0.4951.41 Safari/537.36"
62.182.80.121 - - [30/Oct/2024:11:37:45 -0700] "GET /Connect.php HTTP/1.1" 404 630 "-" "Mozilla/5.0 (Windows NT 10.0; WOW64) AppleWebKit/537.36 (KHTML, like Gecko) Chrome/107.0.5304.87 Safari/537.36"
62.182.80.121 - - [30/Oct/2024:11:37:46 -0700] "GET /Connect.php HTTP/1.1" 404 630 "-" "Mozilla/5.0 (Windows NT 6.1; Win64; x64) AppleWebKit/537.36 (KHTML, like Gecko) Chrome/103.0.5060.66 Safari/537.36"
62.182.80.121 - - [30/Oct/2024:11:37:47 -0700] "GET /Connect.php HTTP/1.1" 404 630 "-" "Mozilla/5.0 (Windows NT 6.3; Win64; x64) AppleWebKit/537.36 (KHTML, like Gecko) Chrome/106.0.5249.60 Safari/537.36"
62.182.80.121 - - [30/Oct/2024:11:37:49 -0700] "GET /Connect.php HTTP/1.1" 404 630 "-" "Mozilla/5.0 (Windows NT 10.0; WOW64) AppleWebKit/537.36 (KHTML, like Gecko) Chrome/106.0.5249.165 Safari/537.36"
192.234.79.193 - - [30/Oct/2024:11:44:27 -0700] "GET /chatgpt_1030120.html HTTP/1.1" 200 5462 "-" "Mozilla/5.0 (X11; Linux x86_64) AppleWebKit/537.36 (KHTML, like Gecko) Chrome/113.0.5672.92 Safari/537.36"
34.96.46.108 - - [30/Oct/2024:11:50:01 -0700] "GET /chatgpt_1030121.html HTTP/1.1" 200 5462 "-" "Mozilla/5.0 (X11; Linux x86_64) AppleWebKit/537.36 (KHTML, like Gecko) HeadlessChrome/78.0.3882.0 Safari/537.36"
192.234.79.193 - - [30/Oct/2024:11:55:23 -0700] "GET /chatgpt_1030122.html HTTP/1.1" 200 5462 "-" "Mozilla/5.0 (X11; Linux x86_64) AppleWebKit/537.36 (KHTML, like Gecko) Chrome/113.0.5672.92 Safari/537.36"
62.182.80.121 - - [30/Oct/2024:11:57:15 -0700] "GET /Connect.php HTTP/1.1" 404 5013 "-" "Mozilla/5.0 (Windows NT 6.3; Win64; x64) AppleWebKit/537.36 (KHTML, like Gecko) Chrome/105.0.5195.54 Safari/537.36"
62.182.80.121 - - [30/Oct/2024:11:57:17 -0700] "GET /Connect.php HTTP/1.1" 404 630 "-" "Mozilla/5.0 (Windows NT 10.0; WOW64) AppleWebKit/537.36 (KHTML, like Gecko) Chrome/101.0.4951.64 Safari/537.36"
62.182.80.121 - - [30/Oct/2024:11:57:18 -0700] "GET /Connect.php HTTP/1.1" 404 630 "-" "Mozilla/5.0 (Windows NT 10.0; WOW64) AppleWebKit/537.36 (KHTML, like Gecko) Chrome/102.0.5005.61 Safari/537.36"
62.182.80.121 - - [30/Oct/2024:11:57:19 -0700] "GET /Connect.php HTTP/1.1" 404 630 "-" "Mozilla/5.0 (Windows NT 10.0) AppleWebKit/537.36 (KHTML, like Gecko) Chrome/101.0.4951.64 Safari/537.36"
62.182.80.121 - - [30/Oct/2024:11:57:21 -0700] "GET /Connect.php HTTP/1.1" 404 630 "-" "Mozilla/5.0 (Windows NT 6.1; Win64; x64) AppleWebKit/537.36 (KHTML, like Gecko) Chrome/106.0.5249.103 Safari/537.36"
64.23.149.227 - - [30/Oct/2024:11:57:37 -0700] "GET / HTTP/1.1" 200 7944 "-" "Mozilla/5.0 (X11; Linux x86_64) AppleWebKit/537.36 (KHTML, like Gecko) Chrome/129.0.0.0 Safari/537.36"
64.23.149.227 - - [30/Oct/2024:11:57:38 -0700] "GET /assets/img/favicon-dark.png HTTP/1.1" 200 7610 "https://website-c.com/" "Mozilla/5.0 (X11; Linux x86_64) AppleWebKit/537.36 (KHTML, like Gecko) Chrome/129.0.0.0 Safari/537.36"
23.98.179.28 - - [30/Oct/2024:11:59:52 -0700] "GET /chatgpt_1030123.html HTTP/1.1" 200 5406 "-" "Mozilla/5.0 AppleWebKit/537.36 (KHTML, like Gecko); compatible; ChatGPT-User/1.0; +https://openai.com/bot"
185.242.226.75 - - [30/Oct/2024:12:04:56 -0700] "GET / HTTP/1.1" 200 7288 "-" "Mozilla/5.0 (Windows NT 10.0; Win64; x64) AppleWebKit/537.36 (KHTML, like Gecko) Chrome/88.0.4324.190 Safari/537.36"
23.98.179.28 - - [30/Oct/2024:12:09:41 -0700] "GET /chatgpt_1030125.html HTTP/1.1" 200 5406 "-" "Mozilla/5.0 AppleWebKit/537.36 (KHTML, like Gecko); compatible; ChatGPT-User/1.0; +https://openai.com/bot"
78.153.140.179 - - [30/Oct/2024:12:10:11 -0700] "GET / HTTP/1.0" 400 622 "-" "-"
78.153.140.179 - - [30/Oct/2024:12:10:11 -0700] "GET /.env HTTP/1.1" 404 4760 "-" "Mozilla/5.0 (Macintosh; Intel Mac OS X 10_13) AppleWebKit/604.1.34 (KHTML, like Gecko) Version/11.0 Safari/604.1.34"
78.153.140.179 - - [30/Oct/2024:12:10:12 -0700] "GET / HTTP/1.0" 400 622 "-" "-"
78.153.140.179 - - [30/Oct/2024:12:10:13 -0700] "GET /addon/.env HTTP/1.1" 404 4760 "-" "Mozilla/5.0 (Linux; Android 6.0.1; 5027B Build/MMB29M) AppleWebKit/537.36 (KHTML, like Gecko) Chrome/49.0.2623.91 Mobile Safari/537.36"
78.153.140.179 - - [30/Oct/2024:12:10:13 -0700] "GET / HTTP/1.0" 400 622 "-" "-"
78.153.140.179 - - [30/Oct/2024:12:10:14 -0700] "GET / HTTP/1.0" 400 622 "-" "-"
78.153.140.179 - - [30/Oct/2024:12:10:15 -0700] "GET /admincp/.env HTTP/1.1" 404 4760 "-" "Mozilla/5.0 (Macintosh; U; Mac OS X 10_6_1; en-US) AppleWebKit/530.5 (KHTML, like Gecko) Chrome/ Safari/530.5"
78.153.140.179 - - [30/Oct/2024:12:10:15 -0700] "GET / HTTP/1.0" 400 622 "-" "-"
78.153.140.179 - - [30/Oct/2024:12:10:16 -0700] "GET /adminer/.env HTTP/1.1" 404 4760 "-" "Mozilla/5.0 (iPhone; CPU iPhone OS 9_3_2 like Mac OS X) AppleWebKit/601.1.46 (KHTML, like Gecko) Version/9.0 Mobile/13F69 Safari/601.1"
78.153.140.179 - - [30/Oct/2024:12:10:16 -0700] "GET / HTTP/1.0" 400 622 "-" "-"
78.153.140.179 - - [30/Oct/2024:12:10:16 -0700] "GET / HTTP/1.0" 400 622 "-" "-"
78.153.140.179 - - [30/Oct/2024:12:10:17 -0700] "GET /admins/.env HTTP/1.1" 404 4760 "-" "Mozilla/5.0 (Macintosh; Intel Mac OS X 10.12; rv:53.0) Gecko/20100101 Firefox/53.0"
78.153.140.179 - - [30/Oct/2024:12:10:17 -0700] "GET / HTTP/1.0" 400 622 "-" "-"
78.153.140.179 - - [30/Oct/2024:12:10:18 -0700] "GET / HTTP/1.0" 400 622 "-" "-"
78.153.140.179 - - [30/Oct/2024:12:10:18 -0700] "GET /agora/.env HTTP/1.1" 404 4760 "-" "Mozilla/5.0 (Linux; Android 7.0; SM-G935V Build/NRD90M) AppleWebKit/537.36 (KHTML, like Gecko) Chrome/61.0.3163.98 Mobile Safari/537.36"
78.153.140.179 - - [30/Oct/2024:12:10:18 -0700] "GET / HTTP/1.0" 400 622 "-" "-"
78.153.140.179 - - [30/Oct/2024:12:10:19 -0700] "GET / HTTP/1.0" 400 622 "-" "-"
78.153.140.179 - - [30/Oct/2024:12:10:20 -0700] "GET / HTTP/1.0" 400 622 "-" "-"
78.153.140.179 - - [30/Oct/2024:12:10:20 -0700] "GET /alpha/.env HTTP/1.1" 404 4760 "-" "Mozilla/5.0 (X11; U; Linux i686; es-ES; rv:1.9.1.9) Gecko/20100317 SUSE/3.5.9-0.1 Firefox/3.5.9"
78.153.140.179 - - [30/Oct/2024:12:10:20 -0700] "GET / HTTP/1.0" 400 622 "-" "-"
78.153.140.179 - - [30/Oct/2024:12:10:21 -0700] "GET / HTTP/1.0" 400 622 "-" "-"
78.153.140.179 - - [30/Oct/2024:12:10:21 -0700] "GET /anaconda/.env HTTP/1.1" 404 4760 "-" "Mozilla/5.0 (Linux; U; Android 4.2.2; en-us; Lenovo A316i/S008) AppleWebKit/534.30 (KHTML, like Gecko) Version/4.0 Mobile Safari/534.30"
78.153.140.179 - - [30/Oct/2024:12:10:22 -0700] "GET / HTTP/1.0" 400 622 "-" "-"
78.153.140.179 - - [30/Oct/2024:12:10:22 -0700] "GET /audio/.env HTTP/1.1" 404 4760 "-" "Mozilla/5.0 (iPod touch; CPU iPhone OS 8_1_2 like Mac OS X) AppleWebKit/600.1.4 (KHTML, like Gecko) Version/8.0 Mobile/12B440 Safari/600.1.4"
78.153.140.179 - - [30/Oct/2024:12:10:22 -0700] "GET / HTTP/1.0" 400 622 "-" "-"
78.153.140.179 - - [30/Oct/2024:12:10:24 -0700] "GET / HTTP/1.0" 400 622 "-" "-"
78.153.140.179 - - [30/Oct/2024:12:10:24 -0700] "GET / HTTP/1.0" 400 622 "-" "-"
78.153.140.179 - - [30/Oct/2024:12:10:24 -0700] "GET /auth/.env HTTP/1.1" 404 4760 "-" "Mozilla/5.0 (webOS/1.4.5.1; U; en-US) AppleWebKit/532.2 (KHTML, like Gecko) Version/1.0 Safari/532.2 Pixi/1.1"
78.153.140.179 - - [30/Oct/2024:12:10:25 -0700] "GET / HTTP/1.0" 400 622 "-" "-"
78.153.140.179 - - [30/Oct/2024:12:10:25 -0700] "GET /awstats/.env HTTP/1.1" 404 4760 "-" "Mozilla/5.0 (Android 5.1.1; Mobile; rv:41.0) Gecko/41.0 Firefox/41.0"
78.153.140.179 - - [30/Oct/2024:12:10:28 -0700] "GET / HTTP/1.0" 400 622 "-" "-"
78.153.140.179 - - [30/Oct/2024:12:10:29 -0700] "GET /back/.env HTTP/1.1" 404 4760 "-" "Mozilla/5.0 (X11; Ubuntu; Linux x86_64; rv:17.0) Gecko/20100101 Firefox/17.0"
78.153.140.179 - - [30/Oct/2024:12:10:30 -0700] "GET /backend/src/.env HTTP/1.1" 404 4760 "-" "Opera/9.80 (Windows NT 6.0; U; nl) Presto/2.6.30 Version/10.60"
78.153.140.179 - - [30/Oct/2024:12:10:30 -0700] "GET / HTTP/1.0" 400 622 "-" "-"
78.153.140.179 - - [30/Oct/2024:12:10:31 -0700] "GET / HTTP/1.0" 400 622 "-" "-"
78.153.140.179 - - [30/Oct/2024:12:10:31 -0700] "GET / HTTP/1.0" 400 622 "-" "-"
78.153.140.179 - - [30/Oct/2024:12:10:32 -0700] "GET /backup.env HTTP/1.1" 404 4760 "-" "Mozilla/5.0 (Linux; Android 4.2.2; A52+ Build/JDQ39) AppleWebKit/537.36 (KHTML, like Gecko) Chrome/41.0.2272.81 Mobile Safari/537.36 OPR/28.0.1764.90386"
78.153.140.179 - - [30/Oct/2024:12:10:32 -0700] "GET / HTTP/1.0" 400 622 "-" "-"
78.153.140.179 - - [30/Oct/2024:12:10:33 -0700] "GET / HTTP/1.0" 400 622 "-" "-"
78.153.140.179 - - [30/Oct/2024:12:10:33 -0700] "GET / HTTP/1.0" 400 622 "-" "-"
78.153.140.179 - - [30/Oct/2024:12:10:33 -0700] "GET /backup1/.env HTTP/1.1" 404 4760 "-" "Opera/9.22 (Windows NT 6.0; U; ru)"
78.153.140.179 - - [30/Oct/2024:12:10:34 -0700] "GET / HTTP/1.0" 400 622 "-" "-"
78.153.140.179 - - [30/Oct/2024:12:10:34 -0700] "GET /base/.env HTTP/1.1" 404 4760 "-" "Mozilla/5.0 (Linux 2.4.19-16mdk i686; U) Opera 6.11  [en]"
78.153.140.179 - - [30/Oct/2024:12:10:34 -0700] "GET / HTTP/1.0" 400 622 "-" "-"
78.153.140.179 - - [30/Oct/2024:12:10:35 -0700] "GET / HTTP/1.0" 400 622 "-" "-"
78.153.140.179 - - [30/Oct/2024:12:10:35 -0700] "GET /beta/.env HTTP/1.1" 404 4760 "-" "Mozilla/5.0 (Mobile; LYF/F41T/LYF-F41T-000-01-15-221217; Android; rv:48.0) Gecko/48.0 Firefox/48.0 KAIOS/2.0"
78.153.140.179 - - [30/Oct/2024:12:10:36 -0700] "GET / HTTP/1.0" 400 622 "-" "-"
78.153.140.179 - - [30/Oct/2024:12:10:36 -0700] "GET / HTTP/1.0" 400 622 "-" "-"
78.153.140.179 - - [30/Oct/2024:12:10:36 -0700] "GET /blankon/.env HTTP/1.1" 404 4760 "-" "Mozilla/5.0 (Linux i686 ; U; en; rv:1.8.1) Gecko/20061208 Firefox/2.0.0 Opera 9.70"
78.153.140.179 - - [30/Oct/2024:12:10:37 -0700] "GET / HTTP/1.0" 400 622 "-" "-"
78.153.140.179 - - [30/Oct/2024:12:10:38 -0700] "GET /blob/.env HTTP/1.1" 404 4760 "-" "Mozilla/5.0 (Linux; Android 6.0.1; Redmi 3S Build/MMB29M) AppleWebKit/537.36 (KHTML, like Gecko) Chrome/65.0.3325.109 Mobile Safari/537.36"
78.153.140.179 - - [30/Oct/2024:12:10:38 -0700] "GET / HTTP/1.0" 400 622 "-" "-"
78.153.140.179 - - [30/Oct/2024:12:10:39 -0700] "GET /blue/.env HTTP/1.1" 404 4760 "-" "Opera/9.10 (Windows NT 5.1; U; pt)"
78.153.140.179 - - [30/Oct/2024:12:10:39 -0700] "GET / HTTP/1.0" 400 622 "-" "-"
78.153.140.179 - - [30/Oct/2024:12:10:40 -0700] "GET / HTTP/1.0" 400 622 "-" "-"
78.153.140.179 - - [30/Oct/2024:12:10:40 -0700] "GET /bootstrap/.env HTTP/1.1" 404 4760 "-" "Mozilla/4.0 (compatible; MSIE 7.0; Windows NT 6.1; Trident/5.0; SLCC2; .NET CLR 2.0.50727; .NET CLR 3.5.30729; .NET CLR 3.0.30729; Media Center PC 6.0; .NET4.0C; .NET4.0E; InfoPath.2)"
78.153.140.179 - - [30/Oct/2024:12:10:43 -0700] "GET / HTTP/1.0" 400 622 "-" "-"
78.153.140.179 - - [30/Oct/2024:12:10:43 -0700] "GET /bot/.env HTTP/1.1" 404 4760 "-" "Mozilla/5.0 (iPhone; CPU iPhone OS 10_3 like Mac OS X) AppleWebKit/603.1.20 (KHTML, like Gecko) Version/10.0 Mobile/14E5230e Safari/602.1"
78.153.140.179 - - [30/Oct/2024:12:10:44 -0700] "GET / HTTP/1.0" 400 622 "-" "-"
78.153.140.179 - - [30/Oct/2024:12:10:44 -0700] "GET /bu/.env HTTP/1.1" 404 4760 "-" "More Safari 3.0 user agents strings -->>"
78.153.140.179 - - [30/Oct/2024:12:10:45 -0700] "GET / HTTP/1.0" 400 622 "-" "-"
78.153.140.179 - - [30/Oct/2024:12:10:45 -0700] "GET / HTTP/1.0" 400 622 "-" "-"
78.153.140.179 - - [30/Oct/2024:12:10:45 -0700] "GET /bucoffea/.env HTTP/1.1" 404 4760 "-" "Mozilla/5.0 (Windows NT 6.1; WOW64) AppleWebKit/537.36 (KHTML, like Gecko) Chrome/50.0.2661.75 Safari/537.36"
78.153.140.179 - - [30/Oct/2024:12:10:46 -0700] "GET / HTTP/1.0" 400 622 "-" "-"
78.153.140.179 - - [30/Oct/2024:12:10:46 -0700] "GET /build/.env HTTP/1.1" 404 4760 "-" "Mozilla/5.0 (Windows; U; Windows NT 5.0; en-US; rv:1.7.9) Gecko/20050711 Firefox/1.0.5"
78.153.140.179 - - [30/Oct/2024:12:10:47 -0700] "GET /cardea/backend/.env HTTP/1.1" 404 4760 "-" "Mozilla/5.0(iPad; U; CPU OS 3_2 like Mac OS X; en-us)AppleWebKit/531.21.10 (KHTML, like Gecko) Version/4.0.4Mobile/7B334b Safari/531.21.10"
78.153.140.179 - - [30/Oct/2024:12:10:48 -0700] "GET /cdw-backend/.env HTTP/1.1" 404 4760 "-" "Mozilla/5.0 (Linux; U; Android 2.3.6; en-gb; GT-I9070 Build/GINGERBREAD) AppleWebKit/533.1 (KHTML, like Gecko) Version/4.0 Mobile Safari/533.1"
78.153.140.179 - - [30/Oct/2024:12:10:49 -0700] "GET /cfg/.env HTTP/1.1" 404 4760 "-" "Mozilla/5.0 (X11; U; Linux i686; en-US; rv:1.8.1.13) Gecko/20080316 SUSE/2.0.0.13-0.1 Firefox/2.0.0.13"
78.153.140.179 - - [30/Oct/2024:12:10:51 -0700] "GET /challenge/.env HTTP/1.1" 404 4760 "-" "Mozilla/5.0 (Windows NT 6.1) AppleWebKit/537.36 (KHTML, like Gecko) Chrome/43.0.2357.134 Safari/537.36"
78.153.140.179 - - [30/Oct/2024:12:10:52 -0700] "GET /challenges/.env HTTP/1.1" 404 4760 "-" "Mozilla/5.0 (Windows; U; Windows NT 6.0; ja-JP) AppleWebKit/528.16 (KHTML, like Gecko) Version/4.0 Safari/528.16"
78.153.140.179 - - [30/Oct/2024:12:10:53 -0700] "GET /chat-client/.env HTTP/1.1" 404 4760 "-" "Mozilla/5.0 (iPad; U; CPU OS 5_0 like Mac OS X; en-us) AppleWebKit/534.46 (KHTML, like Gecko) Version/5.1 Mobile/9A334 Safari/7534.48.3"
78.153.140.179 - - [30/Oct/2024:12:10:54 -0700] "GET /chiminey/.env HTTP/1.1" 404 4760 "-" "Mozilla/4.0 (compatible; MSIE 6.0; Windows NT 5.0; en) Opera 8.53"
78.153.140.179 - - [30/Oct/2024:12:10:55 -0700] "GET /ci/.env HTTP/1.1" 404 4760 "-" "Mozilla/5.0 (iPhone; CPU iPhone OS 9_0 like Mac OS X) AppleWebKit/537.51.1 (KHTML, like Gecko) Version/7.0 Mobile/11B511 Safari/9537.53"
78.153.140.179 - - [30/Oct/2024:12:10:57 -0700] "GET /cli/.env HTTP/1.1" 404 4760 "-" "Mozilla/5.0 (Windows NT 10.0; Win64; x64) AppleWebKit/537.36 (KHTML, like Gecko) Chrome/51.0.2704.63 Safari/537.36"
78.153.140.179 - - [30/Oct/2024:12:10:58 -0700] "GET /client/src/.env HTTP/1.1" 404 4760 "-" "Mozilla/5.0 (X11; U; Linux x86_64; en-US; rv:1.8.1.19) Gecko/20081213 SUSE/2.0.0.19-0.1 Firefox/2.0.0.19"
78.153.140.179 - - [30/Oct/2024:12:10:59 -0700] "GET /clld_dir/.env HTTP/1.1" 404 4760 "-" "Mozilla/5.0 (Macintosh; Intel Mac OS X 10_11) AppleWebKit/601.1.56 (KHTML, like Gecko) Version/9.0 Safari/601.1.56"
78.153.140.179 - - [30/Oct/2024:12:11:00 -0700] "GET /cloud/.env HTTP/1.1" 404 4760 "-" "Mozilla/5.0 (X11; U; Linux i686; de; rv:1.9.2.12) Gecko/20101027 Fedora/3.6.12-1.fc13 Firefox/3.6.12"
78.153.140.179 - - [30/Oct/2024:12:11:01 -0700] "GET /code/web/.env HTTP/1.1" 404 4760 "-" "Opera/9.80 (Windows NT 5.1; U; de) Presto/2.2.15 Version/10.10"
78.153.140.179 - - [30/Oct/2024:12:11:03 -0700] "GET /community/.env HTTP/1.1" 404 4760 "-" "Mozilla/5.0 (Linux; U; Android 2.3.3; de-ch; HTC Desire Build/FRF91) AppleWebKit/533.1 (KHTML, like Gecko) Version/4.0 Mobile Safari/533.1"
78.153.140.179 - - [30/Oct/2024:12:11:03 -0700] "GET /contact/.env HTTP/1.1" 404 4760 "-" "Mozilla/5.0 (Macintosh; U; PPC Mac OS X; de-de) AppleWebKit/125.2 (KHTML, like Gecko) Safari/125.8"
192.234.79.193 - - [30/Oct/2024:12:15:03 -0700] "GET /chatgpt_1030126.html HTTP/1.1" 200 5462 "-" "Mozilla/5.0 (X11; Linux x86_64) AppleWebKit/537.36 (KHTML, like Gecko) Chrome/113.0.5672.92 Safari/537.36"
23.98.179.17 - - [30/Oct/2024:12:24:59 -0700] "GET /chatgpt_1030128.html HTTP/1.1" 200 5406 "-" "Mozilla/5.0 AppleWebKit/537.36 (KHTML, like Gecko); compatible; ChatGPT-User/1.0; +https://openai.com/bot"
62.182.80.121 - - [30/Oct/2024:12:25:33 -0700] "GET /Connect.php HTTP/1.1" 404 5013 "-" "Mozilla/5.0 (Windows NT 10.0; Win64; x64) AppleWebKit/537.36 (KHTML, like Gecko) Chrome/102.0.5005.62 Safari/537.36"
62.182.80.121 - - [30/Oct/2024:12:25:35 -0700] "GET /Connect.php HTTP/1.1" 404 630 "-" "Mozilla/5.0 (Windows NT 6.3; Win64; x64) AppleWebKit/537.36 (KHTML, like Gecko) Chrome/104.0.5112.80 Safari/537.36"
62.182.80.121 - - [30/Oct/2024:12:25:36 -0700] "GET /Connect.php HTTP/1.1" 404 630 "-" "Mozilla/5.0 (Windows NT 10.0; Win64; x64) AppleWebKit/537.36 (KHTML, like Gecko) Chrome/109.0.5384.0 Safari/537.36"
62.182.80.121 - - [30/Oct/2024:12:25:37 -0700] "GET /Connect.php HTTP/1.1" 404 630 "-" "Mozilla/5.0 (Windows NT 10.0; WOW64) AppleWebKit/537.36 (KHTML, like Gecko) Chrome/107.0.5304.62 Safari/537.36"
62.182.80.121 - - [30/Oct/2024:12:25:39 -0700] "GET /Connect.php HTTP/1.1" 404 630 "-" "Mozilla/5.0 (Windows NT 10.0; WOW64) AppleWebKit/537.36 (KHTML, like Gecko) Chrome/108.0.5359.19 Safari/537.36"
199.45.154.138 - - [30/Oct/2024:12:33:20 -0700] "GET / HTTP/1.1" 421 5548 "-" "-"
192.234.79.193 - - [30/Oct/2024:12:35:47 -0700] "GET /chatgpt_1030130.html HTTP/1.1" 200 5462 "-" "Mozilla/5.0 (X11; Linux x86_64) AppleWebKit/537.36 (KHTML, like Gecko) Chrome/113.0.5672.92 Safari/537.36"
34.234.222.217 - - [30/Oct/2024:12:41:16 -0700] "HEAD /chatgpt_1030131.html HTTP/1.1" 200 5343 "-" "Mozilla/5.0 AppleWebKit/537.36 (KHTML, like Gecko); compatible; ChatGPT-User/1.0; +https://openai.com/bot"
161.0.8.200 - - [30/Oct/2024:12:41:18 -0700] "GET /chatgpt_1030131.html HTTP/1.1" 200 5425 "https://www.facebook.com/" "Mozilla/5.0 (Macintosh; Intel Mac OS X 10.15; rv:109.0) Gecko/20100101 Firefox/117.0"
165.154.138.34 - - [30/Oct/2024:12:44:55 -0700] "GET / HTTP/1.1" 200 12644 "-" "Mozilla/5.0 (Macintosh; Intel Mac OS X 10_15_7) AppleWebKit/537.36 (KHTML, like Gecko) Chrome/120.0.0.0 Safari/537.36 Edg/120.0.0.0"
165.154.138.34 - - [30/Oct/2024:12:45:00 -0700] "GET /assets/img/favicon.png HTTP/1.1" 200 8354 "-" "Mozilla/5.0 (Macintosh; Intel Mac OS X 10_7_0) AppleWebKit/535.11 (KHTML, like Gecko) Chrome/17.0.963.56 Safari/535.11"
165.154.138.34 - - [30/Oct/2024:12:45:01 -0700] "GET /robots.txt HTTP/1.1" 200 5202 "-" "Mozilla/5.0 (Macintosh; Intel Mac OS X 10_7_0) AppleWebKit/535.11 (KHTML, like Gecko) Chrome/17.0.963.56 Safari/535.11"
165.154.138.34 - - [30/Oct/2024:12:45:01 -0700] "GET /sitemap.xml HTTP/1.1" 404 5361 "-" "Mozilla/5.0 (Macintosh; Intel Mac OS X 10_7_0) AppleWebKit/535.11 (KHTML, like Gecko) Chrome/17.0.963.56 Safari/535.11"
165.154.138.34 - - [30/Oct/2024:12:45:01 -0700] "GET /assets/js/scale.fix.js HTTP/1.1" 200 5573 "-" "Go-http-client/1.1"
165.154.138.34 - - [30/Oct/2024:12:45:01 -0700] "GET /assets/js/favicon-switcher.js HTTP/1.1" 200 5787 "-" "Go-http-client/1.1"
165.154.138.34 - - [30/Oct/2024:12:45:05 -0700] "GET /config.json HTTP/1.1" 404 5361 "-" "Mozilla/5.0 (Macintosh; Intel Mac OS X 10_7_0) AppleWebKit/535.11 (KHTML, like Gecko) Chrome/17.0.963.56 Safari/535.11"
54.244.171.145 - - [30/Oct/2024:12:46:45 -0700] "GET /chatgpt_1030132.html HTTP/1.1" 200 5510 "-" "python-requests/2.28.2"
117.154.53.22 - - [30/Oct/2024:12:48:13 -0700] "GET / HTTP/1.1" 200 7915 "-" "Go-http-client/1.1"
190.120.229.196 - - [30/Oct/2024:12:49:46 -0700] "GET /wp-login.php HTTP/1.1" 404 5414 "http://www.website-c.com/wp-login.php" "Mozilla/5.0 (Windows NT 10.0; Win64; x64) AppleWebKit/537.36 (KHTML, like Gecko) Chrome/124.0.0.0 Safari/537.36"
41.109.178.211 - - [30/Oct/2024:12:49:52 -0700] "GET /wp-login.php HTTP/1.1" 404 5414 "http://www.website-c.com/wp-login.php" "Mozilla/5.0 (Windows NT 10.0; Win64; x64) AppleWebKit/537.36 (KHTML, like Gecko) Chrome/122.0.0.0 Safari/537.36"
41.45.239.189 - - [30/Oct/2024:12:49:55 -0700] "GET /wp-login.php HTTP/1.1" 404 5414 "http://www.website-c.com/wp-login.php" "Mozilla/5.0 (Windows NT 10.0; Win64; x64) AppleWebKit/537.36 (KHTML, like Gecko) Chrome/122.0.0.0 Safari/537.36"
156.208.141.177 - - [30/Oct/2024:12:49:59 -0700] "GET /Connect.php/wp-login.php HTTP/1.1" 404 5414 "http://www.website-c.com/Connect.php/wp-login.php" "Mozilla/5.0 (Windows NT 10.0; Win64; x64) AppleWebKit/537.36 (KHTML, like Gecko) Chrome/124.0.0.0 Safari/537.36"
76.179.160.199 - - [30/Oct/2024:12:52:13 -0700] "GET /chatgpt_1030133.html HTTP/1.1" 200 5510 "-" "Mozilla/5.0 (Windows NT 10.0; Win64; x64; rv:68.0) Gecko/20100101 Firefox/68.0"
76.179.160.199 - - [30/Oct/2024:12:52:16 -0700] "GET /chatgpt_1030133.html HTTP/1.1" 200 5462 "-" "Mozilla/5.0 (Macintosh; Intel Mac OS X 10_15_7) AppleWebKit/537.36 (KHTML, like Gecko) Chrome/117.0.5938.0 Safari/537.36"
23.98.179.16 - - [30/Oct/2024:12:56:42 -0700] "GET /chatgpt_1030134.html HTTP/1.1" 200 5406 "-" "Mozilla/5.0 AppleWebKit/537.36 (KHTML, like Gecko); compatible; ChatGPT-User/1.0; +https://openai.com/bot"
87.120.127.173 - - [30/Oct/2024:12:59:21 -0700] "GET /.env HTTP/1.1" 404 5380 "-" "Mozilla/5.0 (Windows NT 10.0; WOW64) AppleWebKit/537.36 (KHTML, like Gecko) Chrome/73.0.3683.86 Safari/537.36"
192.234.79.193 - - [30/Oct/2024:13:01:15 -0700] "GET /chatgpt_1030135.html HTTP/1.1" 200 5462 "-" "Mozilla/5.0 (X11; Linux x86_64) AppleWebKit/537.36 (KHTML, like Gecko) Chrome/113.0.5672.92 Safari/537.36"
176.9.17.113 - - [30/Oct/2024:13:12:18 -0700] "GET /chatgpt_1030137.html HTTP/1.1" 200 5458 "-" "axios/1.6.5"
176.9.17.113 - - [30/Oct/2024:13:12:18 -0700] "GET /chatgpt_1030137.html/robots.txt HTTP/1.1" 404 1025 "-" "axios/1.6.5"
176.9.17.113 - - [30/Oct/2024:13:12:19 -0700] "GET /chatgpt_1030137.html HTTP/1.1" 200 5462 "-" "Mozilla/5.0 (X11; Linux x86_64) AppleWebKit/537.36 (KHTML, like Gecko) Chrome/112.0.0.0 Safari/537.36"
176.9.17.113 - - [30/Oct/2024:13:12:19 -0700] "GET /favicon.ico HTTP/1.1" 404 513 "https://website-c.com/chatgpt_1030137.html" "Mozilla/5.0 (X11; Linux x86_64) AppleWebKit/537.36 (KHTML, like Gecko) Chrome/112.0.0.0 Safari/537.36"
192.234.79.193 - - [30/Oct/2024:13:17:47 -0700] "GET /chatgpt_1030138.html HTTP/1.1" 200 5462 "-" "Mozilla/5.0 (X11; Linux x86_64) AppleWebKit/537.36 (KHTML, like Gecko) Chrome/113.0.5672.92 Safari/537.36"
192.234.79.193 - - [30/Oct/2024:13:23:19 -0700] "GET /chatgpt_1030139.html HTTP/1.1" 200 5462 "-" "Mozilla/5.0 (X11; Linux x86_64) AppleWebKit/537.36 (KHTML, like Gecko) Chrome/113.0.5672.92 Safari/537.36"
170.64.139.77 - - [30/Oct/2024:13:26:23 -0700] "GET /.env HTTP/1.1" 404 4789 "-" "Mozilla/5.0 Keydrop"
170.64.139.77 - - [30/Oct/2024:13:26:23 -0700] "GET / HTTP/1.0" 400 622 "-" "-"
3.81.104.172 - - [30/Oct/2024:13:28:50 -0700] "GET /chatgpt_1030140.html HTTP/1.1" 200 5462 "-" "Mozilla/5.0 (X11; Linux x86_64) AppleWebKit/537.36 (KHTML, like Gecko) HeadlessChrome/122.0.6261.0 Safari/537.36"
93.123.85.231 - - [30/Oct/2024:13:31:18 -0700] "GET /.env HTTP/1.1" 404 5380 "-" "Go-http-client/1.1"
92.255.85.30 - - [30/Oct/2024:13:32:12 -0700] "GET /remote/login?lang=en HTTP/1.1" 400 4988 "-" "-"
92.255.85.30 - - [30/Oct/2024:13:32:12 -0700] "GET /remote/login?lang=en HTTP/1.1" 400 4988 "-" "-"
152.89.198.68 - - [30/Oct/2024:13:37:52 -0700] "GET / HTTP/1.0" 200 12290 "https://website-c.com/" "Mozilla/5.0 (Windows NT 10.0; Win64; x64) AppleWebKit/537.36 (KHTML, like Gecko) Chrome/125.0.0.0 Safari/537.36"
34.1.26.83 - - [30/Oct/2024:13:44:11 -0700] "\n" 400 5489 "-" "-"
172.86.72.23 - - [30/Oct/2024:13:44:59 -0700] "GET /wp-content/plugins/about.php HTTP/1.1" 404 4862 "-" "Mozlila/5.0 (Linux; Android 7.0; SM-G892A Bulid/NRD90M; wv) AppleWebKit/537.36 (KHTML, like Gecko) Version/4.0 Chrome/60.0.3112.107 Moblie Safari/537.36"
44.205.23.97 - - [30/Oct/2024:13:45:11 -0700] "GET /robots.txt HTTP/1.1" 200 5357 "-" "linkReader/1.0 (+https://gochitchat.ai)"
172.86.72.23 - - [30/Oct/2024:13:45:11 -0700] "GET /geju.php HTTP/1.1" 404 4862 "-" "Mozlila/5.0 (Linux; Android 7.0; SM-G892A Bulid/NRD90M; wv) AppleWebKit/537.36 (KHTML, like Gecko) Version/4.0 Chrome/60.0.3112.107 Moblie Safari/537.36"
44.205.23.97 - - [30/Oct/2024:13:45:11 -0700] "GET /chatgpt_1030143.html HTTP/1.1" 200 5510 "-" "linkReader/1.0 (+https://gochitchat.ai)"
52.44.37.242 - - [30/Oct/2024:13:45:11 -0700] "GET /chatgpt_1030143.html HTTP/1.1" 200 5462 "-" "Mozilla/5.0 (X11; Linux x86_64) AppleWebKit/537.36 (KHTML, like Gecko) QtWebEngine/5.14.1 Chrome/77.0.3865.129 Safari/537.36"
172.86.72.23 - - [30/Oct/2024:13:45:17 -0700] "GET /wp.php HTTP/1.1" 404 4862 "-" "Mozlila/5.0 (Linux; Android 7.0; SM-G892A Bulid/NRD90M; wv) AppleWebKit/537.36 (KHTML, like Gecko) Version/4.0 Chrome/60.0.3112.107 Moblie Safari/537.36"
141.98.11.83 - - [30/Oct/2024:13:47:55 -0700] "POST /global-protect/login.esp HTTP/1.1" 403 5383 "-" "Mozilla/5.0 (Windows NT 10.0; Win64; x64) AppleWebKit/537.36 (KHTML, like Gecko) Chrome/115.0.0.0 Safari/537.36 Edg/115.0.1901.203"
192.234.79.193 - - [30/Oct/2024:13:56:07 -0700] "GET /chatgpt_1030145.html HTTP/1.1" 200 5462 "-" "Mozilla/5.0 (X11; Linux x86_64) AppleWebKit/537.36 (KHTML, like Gecko) Chrome/113.0.5672.92 Safari/537.36"
45.76.70.215 - - [30/Oct/2024:14:01:40 -0700] "GET /chatgpt_1030146.html HTTP/1.1" 200 5462 "-" "Mozilla/5.0 (X11; Linux x86_64) AppleWebKit/537.36 (KHTML, like Gecko) HeadlessChrome/112.0.5614.0 Safari/537.36"
49.247.24.73 - - [30/Oct/2024:14:07:06 -0700] "GET /chatgpt_1030147.html HTTP/1.1" 200 5510 "-" "Mozilla/5.0 (Windows NT 10.0; Win64; x64) AppleWebKit/537.36 (KHTML, like Gecko) Chrome/128.0.0.0 Safari/537.36"
87.236.176.131 - - [30/Oct/2024:14:11:29 -0700] "GET / HTTP/1.1" 200 7879 "-" "Mozilla/5.0 (compatible; InternetMeasurement/1.0; +https://internet-measurement.com/)"
87.236.176.135 - - [30/Oct/2024:14:11:33 -0700] "GET /assets/img/favicon-dark.png HTTP/1.1" 200 7560 "-" "Mozilla/5.0 (compatible; InternetMeasurement/1.0; +https://internet-measurement.com/)"
87.236.176.109 - - [30/Oct/2024:14:11:33 -0700] "GET /assets/img/favicon.png HTTP/1.1" 200 8388 "-" "Mozilla/5.0 (compatible; InternetMeasurement/1.0; +https://internet-measurement.com/)"
38.153.152.238 - - [30/Oct/2024:14:12:36 -0700] "GET /chatgpt_1030148.html HTTP/1.1" 200 5462 "-" "Mozilla/5.0 (X11; Linux x86_64) AppleWebKit/537.36 (KHTML, like Gecko) Chrome/123.0.0.0 Safari/537.36"
192.234.79.193 - - [30/Oct/2024:14:18:09 -0700] "GET /chatgpt_1030149.html HTTP/1.1" 200 5462 "-" "Mozilla/5.0 (X11; Linux x86_64) AppleWebKit/537.36 (KHTML, like Gecko) Chrome/113.0.5672.92 Safari/537.36"
66.249.65.236 - - [30/Oct/2024:14:21:50 -0700] "GET /robots.txt HTTP/1.1" 200 5294 "-" "Mozilla/5.0 (compatible; Googlebot/2.1; +http://www.google.com/bot.html)"
66.249.65.235 - - [30/Oct/2024:14:21:50 -0700] "GET /ads.txt HTTP/1.1" 404 5451 "-" "Mozilla/5.0 (compatible; Googlebot/2.1; +http://www.google.com/bot.html)"
192.234.79.193 - - [30/Oct/2024:14:23:33 -0700] "GET /chatgpt_1030150.html HTTP/1.1" 200 5462 "-" "Mozilla/5.0 (X11; Linux x86_64) AppleWebKit/537.36 (KHTML, like Gecko) Chrome/113.0.5672.92 Safari/537.36"
141.98.11.83 - - [30/Oct/2024:14:28:48 -0700] "GET /RDWeb/Pages/ HTTP/1.1" 404 5380 "-" "Mozilla/5.0 (Windows NT 10.0; Win64; x64) AppleWebKit/537.36 (KHTML, like Gecko) Chrome/115.0.0.0 Safari/537.36 Edg/115.0.1901.203"
198.98.50.182 - - [30/Oct/2024:14:28:59 -0700] "GET /wp-login.php HTTP/1.1" 404 4860 "http://www.google.com.hk" "Mozilla/5.0 (Windows NT 6.1; WOW64) AppleWebKit/537.36 (KHTML, like Gecko) Chrome/42.0.2311.90 Safari/537.36"
34.96.46.178 - - [30/Oct/2024:14:29:01 -0700] "GET /chatgpt_1030151.html HTTP/1.1" 200 5510 "-" "Mozilla/5.0 (Windows NT 10.0; Win64; x64) AppleWebKit/537.36 (KHTML, like Gecko) Chrome/91.0.4472.124 Safari/537.36"
54.173.176.248 - - [30/Oct/2024:14:29:02 -0700] "GET /chatgpt_1030151.html HTTP/1.1" 200 5462 "-" "python-httpx/0.23.3"
23.98.179.29 - - [30/Oct/2024:14:37:54 -0700] "GET /robots.txt HTTP/1.1" 200 5253 "-" "Mozilla/5.0 AppleWebKit/537.36 (KHTML, like Gecko); compatible; ChatGPT-User/1.0; +https://openai.com/bot"
23.98.179.29 - - [30/Oct/2024:14:37:55 -0700] "GET /chatgpt_1030153.html HTTP/1.1" 200 454 "-" "Mozilla/5.0 AppleWebKit/537.36 (KHTML, like Gecko); compatible; ChatGPT-User/1.0; +https://openai.com/bot"
192.234.79.193 - - [30/Oct/2024:14:43:16 -0700] "GET /chatgpt_1030154.html HTTP/1.1" 200 5462 "-" "Mozilla/5.0 (X11; Linux x86_64) AppleWebKit/537.36 (KHTML, like Gecko) Chrome/113.0.5672.92 Safari/537.36"
172.69.67.211 - - [30/Oct/2024:14:48:45 -0700] "GET /chatgpt_1030155.html HTTP/1.1" 200 5462 "-" "-"
141.98.11.83 - - [30/Oct/2024:15:03:45 -0700] "GET / HTTP/1.1" 200 7879 "-" "Mozilla/5.0 (Windows NT 10.0; Win64; x64) AppleWebKit/537.36 (KHTML, like Gecko) Chrome/115.0.0.0 Safari/537.36 Edg/115.0.1901.203"
4.237.194.56 - - [30/Oct/2024:15:04:36 -0700] "GET /.env HTTP/1.1" 404 5410 "http://website-c.com//.env" "Go-http-client/1.1"
38.110.1.195 - - [30/Oct/2024:15:12:17 -0700] "GET / HTTP/1.1" 200 8015 "-" "python-requests/2.32.3"
38.110.1.195 - - [30/Oct/2024:15:12:18 -0700] "GET / HTTP/1.1" 200 8015 "-" "Mozilla/5.0 (Macintosh; Intel Mac OS X 10_15_7) AppleWebKit/605.1.15 (KHTML, like Gecko) Version/15.1 Safari/605.1.15"
192.234.79.193 - - [30/Oct/2024:15:16:10 -0700] "GET /chatgpt_1030160.html HTTP/1.1" 200 5462 "-" "Mozilla/5.0 (X11; Linux x86_64) AppleWebKit/537.36 (KHTML, like Gecko) Chrome/113.0.5672.92 Safari/537.36"
199.45.154.122 - - [30/Oct/2024:15:16:26 -0700] "GET / HTTP/1.0" 400 622 "-" "-"
199.45.154.122 - - [30/Oct/2024:15:16:37 -0700] "GET / HTTP/1.0" 400 622 "-" "-"
192.234.79.193 - - [30/Oct/2024:15:21:43 -0700] "GET /chatgpt_1030161.html HTTP/1.1" 200 5462 "-" "Mozilla/5.0 (X11; Linux x86_64) AppleWebKit/537.36 (KHTML, like Gecko) Chrome/113.0.5672.92 Safari/537.36"
141.98.11.83 - - [30/Oct/2024:15:22:58 -0700] "POST / HTTP/1.1" 403 5383 "-" "Mozilla/5.0 (Windows NT 10.0; Win64; x64) AppleWebKit/537.36 (KHTML, like Gecko) Chrome/115.0.0.0 Safari/537.36 Edg/115.0.1901.203"
162.241.24.83 - - [30/Oct/2024:15:27:09 -0700] "GET /chatgpt_1030162.html HTTP/1.0" 200 5450 "-" "-"
192.234.79.193 - - [30/Oct/2024:15:32:40 -0700] "GET /chatgpt_1030163.html HTTP/1.1" 200 5462 "-" "Mozilla/5.0 (X11; Linux x86_64) AppleWebKit/537.36 (KHTML, like Gecko) Chrome/113.0.5672.92 Safari/537.36"
192.234.79.193 - - [30/Oct/2024:15:38:08 -0700] "GET /chatgpt_1030164.html HTTP/1.1" 200 5462 "-" "Mozilla/5.0 (X11; Linux x86_64) AppleWebKit/537.36 (KHTML, like Gecko) Chrome/113.0.5672.92 Safari/537.36"
45.156.129.73 - - [30/Oct/2024:15:41:28 -0700] "GET / HTTP/1.1" 200 7331 "-" "Mozilla/5.0 (Windows NT 10.0; WOW64) AppleWebKit/537.36 (KHTML, like Gecko) Chrome/66.0.3359.117 Safari/537.36"
192.234.79.193 - - [30/Oct/2024:15:48:00 -0700] "GET /chatgpt_1030166.html HTTP/1.1" 200 5462 "-" "Mozilla/5.0 (X11; Linux x86_64) AppleWebKit/537.36 (KHTML, like Gecko) Chrome/113.0.5672.92 Safari/537.36"
62.182.80.121 - - [30/Oct/2024:15:53:32 -0700] "GET /Connect.php HTTP/1.1" 404 5013 "-" "Mozilla/5.0 (Windows NT 10.0) AppleWebKit/537.36 (KHTML, like Gecko) Chrome/104.0.5112.102 Safari/537.36"
62.182.80.121 - - [30/Oct/2024:15:53:33 -0700] "GET /Connect.php HTTP/1.1" 404 630 "-" "Mozilla/5.0 (Windows NT 6.1; Win64; x64) AppleWebKit/537.36 (KHTML, like Gecko) Chrome/107.0.5304.62 Safari/537.36"
62.182.80.121 - - [30/Oct/2024:15:53:35 -0700] "GET /Connect.php HTTP/1.1" 404 630 "-" "Mozilla/5.0 (Windows NT 6.1; Win64; x64) AppleWebKit/537.36 (KHTML, like Gecko) Chrome/106.0.5249.62 Safari/537.36"
62.182.80.121 - - [30/Oct/2024:15:53:36 -0700] "GET /Connect.php HTTP/1.1" 404 630 "-" "Mozilla/5.0 (Windows NT 6.3; Win64; x64) AppleWebKit/537.36 (KHTML, like Gecko) Chrome/107.0.5304.87 Safari/537.36"
62.182.80.121 - - [30/Oct/2024:15:53:37 -0700] "GET /Connect.php HTTP/1.1" 404 630 "-" "Mozilla/5.0 (Windows NT 10.0; WOW64) AppleWebKit/537.36 (KHTML, like Gecko) Chrome/101.0.4951.67 Safari/537.36"
172.71.167.50 - - [30/Oct/2024:15:58:58 -0700] "GET /chatgpt_1030168.html HTTP/1.1" 200 5462 "-" "-"
45.33.98.76 - - [30/Oct/2024:16:08:08 -0700] "GET /owa/auth/errorFE.aspx?httpCode=500 HTTP/1.1" 404 5395 "-" "Mozilla/5.0 (Macintosh; Intel Mac OS X 10_15_7) AppleWebKit/537.36 (KHTML, like Gecko) Chrome/92.0.4515.159 Safari/537.36"
45.33.98.76 - - [30/Oct/2024:16:08:08 -0700] "GET /ecp/Current/exporttool/microsoft.exchange.ediscovery.exporttool.application HTTP/1.1" 404 5395 "-" "Mozilla/5.0 (Macintosh; Intel Mac OS X 10_15_7) AppleWebKit/537.36 (KHTML, like Gecko) Chrome/92.0.4515.159 Safari/537.36"
45.33.98.76 - - [30/Oct/2024:16:08:08 -0700] "GET /owa/auth/logon.aspx HTTP/1.1" 404 5395 "-" "Mozilla/5.0 (Macintosh; Intel Mac OS X 10_15_7) AppleWebKit/537.36 (KHTML, like Gecko) Chrome/92.0.4515.159 Safari/537.36"
159.89.135.187 - - [30/Oct/2024:16:08:09 -0700] "GET / HTTP/1.1" 200 7894 "-" "Mozilla/5.0 (Macintosh; Intel Mac OS X 10_15_7) AppleWebKit/537.36 (KHTML, like Gecko) Chrome/92.0.4515.159 Safari/537.36"
159.89.135.187 - - [30/Oct/2024:16:08:09 -0700] "GET /RDWeb HTTP/1.1" 404 5395 "-" "Mozilla/5.0 (Macintosh; Intel Mac OS X 10_15_7) AppleWebKit/537.36 (KHTML, like Gecko) Chrome/92.0.4515.159 Safari/537.36"
159.89.135.187 - - [30/Oct/2024:16:08:09 -0700] "GET /Remote HTTP/1.1" 404 5395 "-" "Mozilla/5.0 (Macintosh; Intel Mac OS X 10_15_7) AppleWebKit/537.36 (KHTML, like Gecko) Chrome/92.0.4515.159 Safari/537.36"
159.89.135.187 - - [30/Oct/2024:16:08:09 -0700] "GET /RDWeb/Pages/en-US/login.aspx HTTP/1.1" 404 5395 "-" "Mozilla/5.0 (Macintosh; Intel Mac OS X 10_15_7) AppleWebKit/537.36 (KHTML, like Gecko) Chrome/92.0.4515.159 Safari/537.36"
45.33.33.165 - - [30/Oct/2024:16:08:09 -0700] "GET / HTTP/1.0" 400 622 "-" "-"
45.33.33.165 - - [30/Oct/2024:16:08:09 -0700] "GET /version HTTP/1.1" 404 5424 "-" "python-urllib3/2.2.3"
45.33.33.165 - - [30/Oct/2024:16:08:09 -0700] "GET /api/v1/pods HTTP/1.1" 404 460 "-" "python-urllib3/2.2.3"
159.65.226.110 - - [30/Oct/2024:16:08:10 -0700] "POST /wsman HTTP/1.1" 403 5398 "-" "Mozilla/5.0 (Macintosh; Intel Mac OS X 10_15_7) AppleWebKit/537.36 (KHTML, like Gecko) Chrome/92.0.4515.159 Safari/537.36"
159.89.158.196 - - [30/Oct/2024:16:08:11 -0700] "GET / HTTP/1.1" 200 7894 "-" "Mozilla/5.0 (Macintosh; Intel Mac OS X 10_15_7) AppleWebKit/537.36 (KHTML, like Gecko) Chrome/92.0.4515.159 Safari/537.36"
45.79.82.80 - - [30/Oct/2024:16:08:12 -0700] "GET /dana-na/nc/nc_gina_ver.txt HTTP/1.1" 404 5395 "-" "Mozilla/5.0 (Macintosh; Intel Mac OS X 10_15_7) AppleWebKit/537.36 (KHTML, like Gecko) Chrome/92.0.4515.159 Safari/537.36"
45.79.82.80 - - [30/Oct/2024:16:08:12 -0700] "GET /dana-cached/hc/HostCheckerInstaller.osx HTTP/1.1" 404 5395 "-" "Mozilla/5.0 (Macintosh; Intel Mac OS X 10_15_7) AppleWebKit/537.36 (KHTML, like Gecko) Chrome/92.0.4515.159 Safari/537.36"
138.197.199.230 - - [30/Oct/2024:16:08:13 -0700] "GET / HTTP/1.1" 200 12707 "-" "Mozilla/5.0 (Windows NT 10.0; Win64; x64) AppleWebKit/537.36 (KHTML, like Gecko) Chrome/109.0.0.0 Safari/537.36 Edg/109.0.1518.61"
66.228.62.140 - - [30/Oct/2024:16:08:18 -0700] "GET / HTTP/1.1" 200 7923 "-" "Mozilla/5.0 (Windows NT 10.0; Win64; x64) AppleWebKit/537.36 (KHTML, like Gecko) Chrome/83.0.4103.61 Safari/537.36"
147.182.167.36 - - [30/Oct/2024:16:08:18 -0700] "GET / HTTP/1.1" 200 7894 "-" "Mozilla/5.0 (Macintosh; Intel Mac OS X 10_15_7) AppleWebKit/537.36 (KHTML, like Gecko) Chrome/92.0.4515.159 Safari/537.36"
147.182.167.36 - - [30/Oct/2024:16:08:18 -0700] "GET /auth1.html HTTP/1.1" 404 5395 "-" "Mozilla/5.0 (Macintosh; Intel Mac OS X 10_15_7) AppleWebKit/537.36 (KHTML, like Gecko) Chrome/92.0.4515.159 Safari/537.36"
147.182.167.36 - - [30/Oct/2024:16:08:18 -0700] "GET /auth.html HTTP/1.1" 404 5395 "-" "Mozilla/5.0 (Macintosh; Intel Mac OS X 10_15_7) AppleWebKit/537.36 (KHTML, like Gecko) Chrome/92.0.4515.159 Safari/537.36"
147.182.167.36 - - [30/Oct/2024:16:08:18 -0700] "GET /sslvpnLogin.html HTTP/1.1" 404 5395 "-" "Mozilla/5.0 (Macintosh; Intel Mac OS X 10_15_7) AppleWebKit/537.36 (KHTML, like Gecko) Chrome/92.0.4515.159 Safari/537.36"
147.182.167.36 - - [30/Oct/2024:16:08:18 -0700] "GET /api/sonicos/tfa HTTP/1.1" 404 5395 "-" "Mozilla/5.0 (Macintosh; Intel Mac OS X 10_15_7) AppleWebKit/537.36 (KHTML, like Gecko) Chrome/92.0.4515.159 Safari/537.36"
147.182.167.36 - - [30/Oct/2024:16:08:19 -0700] "GET /api/sonicos/auth HTTP/1.1" 404 5395 "-" "Mozilla/5.0 (Macintosh; Intel Mac OS X 10_15_7) AppleWebKit/537.36 (KHTML, like Gecko) Chrome/92.0.4515.159 Safari/537.36"
66.228.62.140 - - [30/Oct/2024:16:08:19 -0700] "GET /assets/img/favicon-dark.png HTTP/1.1" 200 2625 "-" "Mozilla/5.0 (Windows NT 10.0; Win64; x64) AppleWebKit/537.36 (KHTML, like Gecko) Chrome/83.0.4103.61 Safari/537.36"
192.234.79.193 - - [30/Oct/2024:16:09:56 -0700] "GET /chatgpt_1030170.html HTTP/1.1" 200 5462 "-" "Mozilla/5.0 (X11; Linux x86_64) AppleWebKit/537.36 (KHTML, like Gecko) Chrome/113.0.5672.92 Safari/537.36"
66.228.62.140 - - [30/Oct/2024:16:10:45 -0700] "GET / HTTP/1.1" 200 7931 "-" "Mozilla/5.0 (Windows NT 10.0; Win64; x64) AppleWebKit/537.36 (KHTML, like Gecko) Chrome/83.0.4103.61 Safari/537.36"
66.228.62.140 - - [30/Oct/2024:16:10:45 -0700] "GET /assets/js/favicon-switcher.js HTTP/1.1" 200 941 "https://207.246.110.31/" "Mozilla/5.0 (Windows NT 10.0; Win64; x64) AppleWebKit/537.36 (KHTML, like Gecko) Chrome/83.0.4103.61 Safari/537.36"
66.228.62.140 - - [30/Oct/2024:16:10:45 -0700] "GET /assets/js/scale.fix.js HTTP/1.1" 200 727 "https://207.246.110.31/" "Mozilla/5.0 (Windows NT 10.0; Win64; x64) AppleWebKit/537.36 (KHTML, like Gecko) Chrome/83.0.4103.61 Safari/537.36"
192.241.130.226 - - [30/Oct/2024:16:10:52 -0700] "GET / HTTP/1.0" 400 622 "-" "-"
66.228.62.140 - - [30/Oct/2024:16:11:05 -0700] "-" 408 511 "-" "-"
66.249.65.236 - - [30/Oct/2024:16:13:16 -0700] "GET /.well-known/assetlinks.json HTTP/1.1" 404 5451 "-" "Mozilla/5.0 (compatible; Googlebot/2.1; +http://www.google.com/bot.html)"
209.85.238.106 - - [30/Oct/2024:16:21:50 -0700] "GET /.well-known/assetlinks.json HTTP/1.1" 404 5451 "-" "Mozilla/5.0 (Windows NT 10.0; Win64; x64)AppleWebKit/537.36 (KHTML, like Gecko) Chrome/91.0.4472.101 Safari/537.36"
192.234.79.193 - - [30/Oct/2024:16:30:44 -0700] "GET /chatgpt_1030174.html HTTP/1.1" 200 5462 "-" "Mozilla/5.0 (X11; Linux x86_64) AppleWebKit/537.36 (KHTML, like Gecko) Chrome/113.0.5672.92 Safari/537.36"
23.98.179.16 - - [30/Oct/2024:16:35:12 -0700] "GET /chatgpt_1030175.html HTTP/1.1" 200 5406 "-" "Mozilla/5.0 AppleWebKit/537.36 (KHTML, like Gecko); compatible; ChatGPT-User/1.0; +https://openai.com/bot"
